<html>
<body>
<pre>
<h1>µVision Build Log</h1>
<h2>Tool Versions:</h2>
IDE-Version: ¦ÌVision V5.14.0.0
Copyright (C) 2015 ARM Ltd and ARM Germany GmbH. All rights reserved.
License Information: Suyu Wang, SusTech, LIC=X96CK-Z1BV6-LQE0Q-NWWQE-JSC42-XVYLH
 
Tool Versions:
Toolchain:       MDK-ARM Standard  Version: 5.14.0.0
Toolchain Path:  C:\Keil_v5\ARM\ARMCC\Bin
C Compiler:      Armcc.exe V5.05 update 1 (build 106)
Assembler:       Armasm.exe V5.05 update 1 (build 106)
Linker/Locator:  ArmLink.exe V5.05 update 1 (build 106)
Library Manager: ArmAr.exe V5.05 update 1 (build 106)
Hex Converter:   FromElf.exe V5.05 update 1 (build 106)
CPU DLL:         SARMCM3.DLL V5.14.0.0
Dialog DLL:      DCM.DLL V1.13.1.0
Target DLL:      STLink\ST-LINKIII-KEIL_SWO.dll V2.0.14.0_KEIL
Dialog DLL:      TCM.DLL V1.14.4.0
 
<h2>Project:</h2>
D:\Users\wangs\Documents\Code\UpStandingCar_Final\MDK-ARM\UpStandingCar.uvprojx
Project File Date:  07/07/2023

<h2>Output:</h2>
Rebuild target 'UpStandingCar'
assembling startup_stm32f103xb.s...
compiling inv_mpu.c...
compiling inv_mpu_dmp_motion_driver.c...
compiling atk_ms6050.c...
..\Core\Inc\ATK_MS6050\atk_ms6050.c(33): warning:  #177-D: function "atk_ms6050_hw_init" was declared but never referenced
  static void atk_ms6050_hw_init(void)
..\Core\Inc\ATK_MS6050\atk_ms6050.c: 1 warning, 0 errors
compiling atk_ms6050_iic.c...
compiling delay.c...
compiling sys.c...
compiling motor.c...
compiling pid.c...
compiling upstand.c...
..\Core\Src\upstand.c(27): warning:  #177-D: variable "err" was declared but never referenced
        uint8_t err;
..\Core\Src\upstand.c: 1 warning, 0 errors
compiling main.c...
compiling gpio.c...
compiling i2c.c...
compiling tim.c...
compiling usart.c...
compiling stm32f1xx_it.c...
compiling stm32f1xx_hal_msp.c...
compiling stm32f1xx_hal_gpio_ex.c...
compiling stm32f1xx_hal_i2c.c...
compiling stm32f1xx_hal.c...
compiling stm32f1xx_hal_rcc.c...
compiling stm32f1xx_hal_rcc_ex.c...
compiling stm32f1xx_hal_gpio.c...
compiling stm32f1xx_hal_dma.c...
compiling stm32f1xx_hal_cortex.c...
compiling stm32f1xx_hal_pwr.c...
compiling stm32f1xx_hal_flash.c...
compiling stm32f1xx_hal_flash_ex.c...
compiling stm32f1xx_hal_exti.c...
compiling stm32f1xx_hal_tim.c...
compiling stm32f1xx_hal_tim_ex.c...
compiling stm32f1xx_hal_uart.c...
compiling system_stm32f1xx.c...
linking...
Program Size: Code=27328 RO-data=3696 RW-data=132 ZI-data=1548  
FromELF: creating hex file...
"UpStandingCar\UpStandingCar.axf" - 0 Error(s), 2 Warning(s).

<h2>Software Packages used:</h2>

Package Vendor: ARM
                http://www.keil.com/pack/ARM.CMSIS.4.2.0.pack
                ARM::CMSIS:CORE:3.40.0
                CMSIS (Cortex Microcontroller Software Interface Standard)
   * Component: CORE Version: 3.40.0

<h2>Collection of Component include folders:</h2>
  D:\Users\wangs\Documents\Code\UpStandingCar_Final\MDK-ARM\RTE
  C:\Keil_v5\ARM\PACK\ARM\CMSIS\4.2.0\CMSIS\Include
  C:\Keil_v5\ARM\PACK\Keil\STM32F1xx_DFP\1.0.5\Device\Include

<h2>Collection of Component Files used:</h2>

   * Component: ARM::CMSIS:CORE:3.40.0
      Source file:   CMSIS\UserCodeTemplates\ARM\ITM_Retarget.c
</pre>
</body>
</html>
