Component: ARM Compiler 5.05 update 1 (build 106) Tool: armlink [4d0efa]

==============================================================================

Section Cross References

    startup_stm32f103xb.o(RESET) refers to startup_stm32f103xb.o(STACK) for __initial_sp
    startup_stm32f103xb.o(RESET) refers to startup_stm32f103xb.o(.text) for Reset_Handler
    startup_stm32f103xb.o(RESET) refers to stm32f1xx_it.o(i.NMI_Handler) for NMI_Handler
    startup_stm32f103xb.o(RESET) refers to stm32f1xx_it.o(i.HardFault_Handler) for HardFault_Handler
    startup_stm32f103xb.o(RESET) refers to stm32f1xx_it.o(i.MemManage_Handler) for MemManage_Handler
    startup_stm32f103xb.o(RESET) refers to stm32f1xx_it.o(i.BusFault_Handler) for BusFault_Handler
    startup_stm32f103xb.o(RESET) refers to stm32f1xx_it.o(i.UsageFault_Handler) for UsageFault_Handler
    startup_stm32f103xb.o(RESET) refers to stm32f1xx_it.o(i.SVC_Handler) for SVC_Handler
    startup_stm32f103xb.o(RESET) refers to stm32f1xx_it.o(i.DebugMon_Handler) for DebugMon_Handler
    startup_stm32f103xb.o(RESET) refers to stm32f1xx_it.o(i.PendSV_Handler) for PendSV_Handler
    startup_stm32f103xb.o(RESET) refers to stm32f1xx_it.o(i.SysTick_Handler) for SysTick_Handler
    startup_stm32f103xb.o(RESET) refers to stm32f1xx_it.o(i.TIM1_UP_IRQHandler) for TIM1_UP_IRQHandler
    startup_stm32f103xb.o(.text) refers to system_stm32f1xx.o(i.SystemInit) for SystemInit
    startup_stm32f103xb.o(.text) refers to entry.o(.ARM.Collect$$$$00000000) for __main
    inv_mpu.o(i.accel_self_test) refers to inv_mpu.o(i.get_accel_prod_shift) for get_accel_prod_shift
    inv_mpu.o(i.accel_self_test) refers to fflti.o(.text) for __aeabi_i2f
    inv_mpu.o(i.accel_self_test) refers to fdiv.o(.text) for __aeabi_fdiv
    inv_mpu.o(i.accel_self_test) refers to cfcmple.o(.text) for __aeabi_cfcmpeq
    inv_mpu.o(i.accel_self_test) refers to fadd.o(.text) for __aeabi_fsub
    inv_mpu.o(i.accel_self_test) refers to cfrcmple.o(.text) for __aeabi_cfrcmple
    inv_mpu.o(i.accel_self_test) refers to inv_mpu.o(.constdata) for test
    inv_mpu.o(i.atk_ms6050_dmp_get_data) refers to inv_mpu_dmp_motion_driver.o(i.dmp_read_fifo) for dmp_read_fifo
    inv_mpu.o(i.atk_ms6050_dmp_get_data) refers to fflti.o(.text) for __aeabi_i2f
    inv_mpu.o(i.atk_ms6050_dmp_get_data) refers to fdiv.o(.text) for __aeabi_fdiv
    inv_mpu.o(i.atk_ms6050_dmp_get_data) refers to fmul.o(.text) for __aeabi_fmul
    inv_mpu.o(i.atk_ms6050_dmp_get_data) refers to fadd.o(.text) for __aeabi_fadd
    inv_mpu.o(i.atk_ms6050_dmp_get_data) refers to f2d.o(.text) for __aeabi_f2d
    inv_mpu.o(i.atk_ms6050_dmp_get_data) refers to asin.o(i.asin) for asin
    inv_mpu.o(i.atk_ms6050_dmp_get_data) refers to dmul.o(.text) for __aeabi_dmul
    inv_mpu.o(i.atk_ms6050_dmp_get_data) refers to d2f.o(.text) for __aeabi_d2f
    inv_mpu.o(i.atk_ms6050_dmp_get_data) refers to atan2.o(i.atan2) for atan2
    inv_mpu.o(i.atk_ms6050_dmp_init) refers to inv_mpu.o(i.mpu_init) for mpu_init
    inv_mpu.o(i.atk_ms6050_dmp_init) refers to inv_mpu.o(i.mpu_set_sensors) for mpu_set_sensors
    inv_mpu.o(i.atk_ms6050_dmp_init) refers to inv_mpu.o(i.mpu_configure_fifo) for mpu_configure_fifo
    inv_mpu.o(i.atk_ms6050_dmp_init) refers to inv_mpu.o(i.mpu_set_sample_rate) for mpu_set_sample_rate
    inv_mpu.o(i.atk_ms6050_dmp_init) refers to inv_mpu_dmp_motion_driver.o(i.dmp_load_motion_driver_firmware) for dmp_load_motion_driver_firmware
    inv_mpu.o(i.atk_ms6050_dmp_init) refers to inv_mpu.o(i.inv_row_2_scale) for inv_row_2_scale
    inv_mpu.o(i.atk_ms6050_dmp_init) refers to inv_mpu_dmp_motion_driver.o(i.dmp_set_orientation) for dmp_set_orientation
    inv_mpu.o(i.atk_ms6050_dmp_init) refers to inv_mpu_dmp_motion_driver.o(i.dmp_enable_feature) for dmp_enable_feature
    inv_mpu.o(i.atk_ms6050_dmp_init) refers to inv_mpu_dmp_motion_driver.o(i.dmp_set_fifo_rate) for dmp_set_fifo_rate
    inv_mpu.o(i.atk_ms6050_dmp_init) refers to inv_mpu.o(i.mpu_set_dmp_state) for mpu_set_dmp_state
    inv_mpu.o(i.atk_ms6050_dmp_init) refers to inv_mpu.o(i.atk_ms6050_run_self_test) for atk_ms6050_run_self_test
    inv_mpu.o(i.atk_ms6050_dmp_init) refers to inv_mpu.o(.data) for gyro_orientation
    inv_mpu.o(i.atk_ms6050_get_clock_ms) refers to stm32f1xx_hal.o(i.HAL_GetTick) for HAL_GetTick
    inv_mpu.o(i.atk_ms6050_run_self_test) refers to inv_mpu.o(i.mpu_run_self_test) for mpu_run_self_test
    inv_mpu.o(i.atk_ms6050_run_self_test) refers to inv_mpu.o(i.mpu_get_gyro_sens) for mpu_get_gyro_sens
    inv_mpu.o(i.atk_ms6050_run_self_test) refers to fflti.o(.text) for __aeabi_i2f
    inv_mpu.o(i.atk_ms6050_run_self_test) refers to fmul.o(.text) for __aeabi_fmul
    inv_mpu.o(i.atk_ms6050_run_self_test) refers to ffixi.o(.text) for __aeabi_f2iz
    inv_mpu.o(i.atk_ms6050_run_self_test) refers to inv_mpu_dmp_motion_driver.o(i.dmp_set_gyro_bias) for dmp_set_gyro_bias
    inv_mpu.o(i.atk_ms6050_run_self_test) refers to inv_mpu.o(i.mpu_get_accel_sens) for mpu_get_accel_sens
[...]
    .text                                    0x080005e2   Section        0  iusefp.o(.text)
    .text                                    0x08000650   Section        0  depilogue.o(.text)
    .text                                    0x0800070a   Section        0  dadd.o(.text)
    .text                                    0x08000858   Section        0  ddiv.o(.text)
    .text                                    0x08000936   Section        0  dscalb.o(.text)
    .text                                    0x08000964   Section       36  init.o(.text)
    .text                                    0x08000988   Section        0  llshl.o(.text)
    .text                                    0x080009a6   Section        0  llsshr.o(.text)
    .text                                    0x080009ca   Section        0  dsqrt.o(.text)
    i.BusFault_Handler                       0x08000a6c   Section        0  stm32f1xx_it.o(i.BusFault_Handler)
    i.DebugMon_Handler                       0x08000a70   Section        0  stm32f1xx_it.o(i.DebugMon_Handler)
    i.Error_Handler                          0x08000a72   Section        0  main.o(i.Error_Handler)
    i.HAL_GPIO_Init                          0x08000a78   Section        0  stm32f1xx_hal_gpio.o(i.HAL_GPIO_Init)
    i.HAL_GPIO_TogglePin                     0x08000d98   Section        0  stm32f1xx_hal_gpio.o(i.HAL_GPIO_TogglePin)
    i.HAL_GPIO_WritePin                      0x08000dac   Section        0  stm32f1xx_hal_gpio.o(i.HAL_GPIO_WritePin)
    i.HAL_GetTick                            0x08000db8   Section        0  stm32f1xx_hal.o(i.HAL_GetTick)
    i.HAL_I2C_Init                           0x08000dc4   Section        0  stm32f1xx_hal_i2c.o(i.HAL_I2C_Init)
    i.HAL_I2C_Mem_Read                       0x08000f94   Section        0  stm32f1xx_hal_i2c.o(i.HAL_I2C_Mem_Read)
    i.HAL_I2C_Mem_Write                      0x080012f8   Section        0  stm32f1xx_hal_i2c.o(i.HAL_I2C_Mem_Write)
    i.HAL_I2C_MspInit                        0x0800145c   Section        0  i2c.o(i.HAL_I2C_MspInit)
    i.HAL_IncTick                            0x080014e8   Section        0  stm32f1xx_hal.o(i.HAL_IncTick)
    i.HAL_Init                               0x08001500   Section        0  stm32f1xx_hal.o(i.HAL_Init)
    i.HAL_InitTick                           0x08001528   Section        0  stm32f1xx_hal.o(i.HAL_InitTick)
    i.HAL_MspInit                            0x08001574   Section        0  stm32f1xx_hal_msp.o(i.HAL_MspInit)
    i.HAL_NVIC_EnableIRQ                     0x080015c8   Section        0  stm32f1xx_hal_cortex.o(i.HAL_NVIC_EnableIRQ)
    i.HAL_NVIC_SetPriority                   0x080015e8   Section        0  stm32f1xx_hal_cortex.o(i.HAL_NVIC_SetPriority)
    i.HAL_NVIC_SetPriorityGrouping           0x08001664   Section        0  stm32f1xx_hal_cortex.o(i.HAL_NVIC_SetPriorityGrouping)
    i.HAL_RCC_ClockConfig                    0x0800168c   Section        0  stm32f1xx_hal_rcc.o(i.HAL_RCC_ClockConfig)
    i.HAL_RCC_GetHCLKFreq                    0x08001818   Section        0  stm32f1xx_hal_rcc.o(i.HAL_RCC_GetHCLKFreq)
    i.HAL_RCC_GetPCLK1Freq                   0x08001824   Section        0  stm32f1xx_hal_rcc.o(i.HAL_RCC_GetPCLK1Freq)
    i.HAL_RCC_GetPCLK2Freq                   0x08001844   Section        0  stm32f1xx_hal_rcc.o(i.HAL_RCC_GetPCLK2Freq)
    i.HAL_RCC_GetSysClockFreq                0x08001864   Section        0  stm32f1xx_hal_rcc.o(i.HAL_RCC_GetSysClockFreq)
    i.HAL_RCC_OscConfig                      0x080018d4   Section        0  stm32f1xx_hal_rcc.o(i.HAL_RCC_OscConfig)
    i.HAL_SYSTICK_Config                     0x08001d38   Section        0  stm32f1xx_hal_cortex.o(i.HAL_SYSTICK_Config)
    i.HAL_TIMEx_BreakCallback                0x08001d6c   Section        0  stm32f1xx_hal_tim_ex.o(i.HAL_TIMEx_BreakCallback)
    i.HAL_TIMEx_CommutCallback               0x08001d6e   Section        0  stm32f1xx_hal_tim_ex.o(i.HAL_TIMEx_CommutCallback)
    i.HAL_TIMEx_MasterConfigSynchronization  0x08001d70   Section        0  stm32f1xx_hal_tim_ex.o(i.HAL_TIMEx_MasterConfigSynchronization)
    i.HAL_TIM_Base_Init                      0x08001df4   Section        0  stm32f1xx_hal_tim.o(i.HAL_TIM_Base_Init)
    i.HAL_TIM_Base_MspInit                   0x08001e5c   Section        0  tim.o(i.HAL_TIM_Base_MspInit)
    i.HAL_TIM_Base_Start_IT                  0x08001ea0   Section        0  stm32f1xx_hal_tim.o(i.HAL_TIM_Base_Start_IT)
    i.HAL_TIM_ConfigClockSource              0x08001f18   Section        0  stm32f1xx_hal_tim.o(i.HAL_TIM_ConfigClockSource)
    i.HAL_TIM_Encoder_Init                   0x08002024   Section        0  stm32f1xx_hal_tim.o(i.HAL_TIM_Encoder_Init)
    i.HAL_TIM_Encoder_MspInit                0x080020e8   Section        0  tim.o(i.HAL_TIM_Encoder_MspInit)
    i.HAL_TIM_Encoder_Start                  0x080021b4   Section        0  stm32f1xx_hal_tim.o(i.HAL_TIM_Encoder_Start)
    i.HAL_TIM_IC_CaptureCallback             0x08002280   Section        0  stm32f1xx_hal_tim.o(i.HAL_TIM_IC_CaptureCallback)
    i.HAL_TIM_IRQHandler                     0x08002282   Section        0  stm32f1xx_hal_tim.o(i.HAL_TIM_IRQHandler)
    i.HAL_TIM_MspPostInit                    0x08002418   Section        0  tim.o(i.HAL_TIM_MspPostInit)
    i.HAL_TIM_OC_DelayElapsedCallback        0x0800246c   Section        0  stm32f1xx_hal_tim.o(i.HAL_TIM_OC_DelayElapsedCallback)
    i.HAL_TIM_PWM_ConfigChannel              0x0800246e   Section        0  stm32f1xx_hal_tim.o(i.HAL_TIM_PWM_ConfigChannel)
    i.HAL_TIM_PWM_Init                       0x08002572   Section        0  stm32f1xx_hal_tim.o(i.HAL_TIM_PWM_Init)
    i.HAL_TIM_PWM_MspInit                    0x080025d8   Section        0  tim.o(i.HAL_TIM_PWM_MspInit)
    i.HAL_TIM_PWM_PulseFinishedCallback      0x08002604   Section        0  stm32f1xx_hal_tim.o(i.HAL_TIM_PWM_PulseFinishedCallback)
    i.HAL_TIM_PWM_Start                      0x08002608   Section        0  stm32f1xx_hal_tim.o(i.HAL_TIM_PWM_Start)
    i.HAL_TIM_PeriodElapsedCallback          0x080026dc   Section        0  main.o(i.HAL_TIM_PeriodElapsedCallback)
    i.HAL_TIM_TriggerCallback                0x0800285c   Section        0  stm32f1xx_hal_tim.o(i.HAL_TIM_TriggerCallback)
    i.HAL_UART_Init                          0x0800285e   Section        0  stm32f1xx_hal_uart.o(i.HAL_UART_Init)
    i.HAL_UART_MspInit                       0x080028d4   Section        0  usart.o(i.HAL_UART_MspInit)
    i.HardFault_Handler                      0x0800295c   Section        0  stm32f1xx_it.o(i.HardFault_Handler)
    i.I2C_IsAcknowledgeFailed                0x08002960   Section        0  stm32f1xx_hal_i2c.o(i.I2C_IsAcknowledgeFailed)
    I2C_IsAcknowledgeFailed                  0x08002961   Thumb Code    62  stm32f1xx_hal_i2c.o(i.I2C_IsAcknowledgeFailed)
    i.I2C_RequestMemoryRead                  0x080029a0   Section        0  stm32f1xx_hal_i2c.o(i.I2C_RequestMemoryRead)
    I2C_RequestMemoryRead                    0x080029a1   Thumb Code   348  stm32f1xx_hal_i2c.o(i.I2C_RequestMemoryRead)
    i.I2C_RequestMemoryWrite                 0x08002b00   Section        0  stm32f1xx_hal_i2c.o(i.I2C_RequestMemoryWrite)
    I2C_RequestMemoryWrite                   0x08002b01   Thumb Code   220  stm32f1xx_hal_i2c.o(i.I2C_RequestMemoryWrite)
    i.I2C_WaitOnBTFFlagUntilTimeout          0x08002be0   Section        0  stm32f1xx_hal_i2c.o(i.I2C_WaitOnBTFFlagUntilTimeout)
    I2C_WaitOnBTFFlagUntilTimeout            0x08002be1   Thumb Code   102  stm32f1xx_hal_i2c.o(i.I2C_WaitOnBTFFlagUntilTimeout)
    i.I2C_WaitOnFlagUntilTimeout             0x08002c46   Section        0  stm32f1xx_hal_i2c.o(i.I2C_WaitOnFlagUntilTimeout)
    I2C_WaitOnFlagUntilTimeout               0x08002c47   Thumb Code   190  stm32f1xx_hal_i2c.o(i.I2C_WaitOnFlagUntilTimeout)
    i.I2C_WaitOnMasterAddressFlagUntilTimeout 0x08002d04   Section        0  stm32f1xx_hal_i2c.o(i.I2C_WaitOnMasterAddressFlagUntilTimeout)
    I2C_WaitOnMasterAddressFlagUntilTimeout  0x08002d05   Thumb Code   250  stm32f1xx_hal_i2c.o(i.I2C_WaitOnMasterAddressFlagUntilTimeout)
    i.I2C_WaitOnRXNEFlagUntilTimeout         0x08002dfe   Section        0  stm32f1xx_hal_i2c.o(i.I2C_WaitOnRXNEFlagUntilTimeout)
    I2C_WaitOnRXNEFlagUntilTimeout           0x08002dff   Thumb Code   138  stm32f1xx_hal_i2c.o(i.I2C_WaitOnRXNEFlagUntilTimeout)
    i.I2C_WaitOnTXEFlagUntilTimeout          0x08002e88   Section        0  stm32f1xx_hal_i2c.o(i.I2C_WaitOnTXEFlagUntilTimeout)
    I2C_WaitOnTXEFlagUntilTimeout            0x08002e89   Thumb Code   102  stm32f1xx_hal_i2c.o(i.I2C_WaitOnTXEFlagUntilTimeout)
    i.MX_GPIO_Init                           0x08002ef0   Section        0  gpio.o(i.MX_GPIO_Init)
    i.MX_I2C1_Init                           0x08002fc4   Section        0  i2c.o(i.MX_I2C1_Init)
    i.MX_TIM1_Init                           0x08003000   Section        0  tim.o(i.MX_TIM1_Init)
    i.MX_TIM2_Init                           0x08003074   Section        0  tim.o(i.MX_TIM2_Init)
    i.MX_TIM3_Init                           0x080030fc   Section        0  tim.o(i.MX_TIM3_Init)
    i.MX_TIM4_Init                           0x08003178   Section        0  tim.o(i.MX_TIM4_Init)
    i.MX_USART1_UART_Init                    0x080031f4   Section        0  usart.o(i.MX_USART1_UART_Init)
    i.MemManage_Handler                      0x0800322c   Section        0  stm32f1xx_it.o(i.MemManage_Handler)
    i.Motor_Output                           0x08003230   Section        0  motor.o(i.Motor_Output)
    i.NMI_Handler                            0x080032fc   Section        0  stm32f1xx_it.o(i.NMI_Handler)
    i.PID_Init                               0x08003300   Section        0  pid.o(i.PID_Init)
    i.PID_Set_Kd                             0x0800331c   Section        0  pid.o(i.PID_Set_Kd)
    i.PID_Set_Ki                             0x08003320   Section        0  pid.o(i.PID_Set_Ki)
    i.PID_Set_Kp                             0x08003324   Section        0  pid.o(i.PID_Set_Kp)
    i.PendSV_Handler                         0x08003328   Section        0  stm32f1xx_it.o(i.PendSV_Handler)
    i.RCC_Delay                              0x0800332c   Section        0  stm32f1xx_hal_rcc.o(i.RCC_Delay)
    RCC_Delay                                0x0800332d   Thumb Code    36  stm32f1xx_hal_rcc.o(i.RCC_Delay)
    i.SVC_Handler                            0x08003354   Section        0  stm32f1xx_it.o(i.SVC_Handler)
    i.SysTick_Handler                        0x08003358   Section        0  stm32f1xx_it.o(i.SysTick_Handler)
    i.SystemClock_Config                     0x080033c0   Section        0  main.o(i.SystemClock_Config)
    i.SystemInit                             0x08003426   Section        0  system_stm32f1xx.o(i.SystemInit)
    i.TIM1_UP_IRQHandler                     0x08003428   Section        0  stm32f1xx_it.o(i.TIM1_UP_IRQHandler)
    i.TIM_Base_SetConfig                     0x08003438   Section        0  stm32f1xx_hal_tim.o(i.TIM_Base_SetConfig)
    i.TIM_CCxChannelCmd                      0x080034ac   Section        0  stm32f1xx_hal_tim.o(i.TIM_CCxChannelCmd)
    i.TIM_ETR_SetConfig                      0x080034ce   Section        0  stm32f1xx_hal_tim.o(i.TIM_ETR_SetConfig)
    i.TIM_ITRx_SetConfig                     0x080034e4   Section        0  stm32f1xx_hal_tim.o(i.TIM_ITRx_SetConfig)
    TIM_ITRx_SetConfig                       0x080034e5   Thumb Code    18  stm32f1xx_hal_tim.o(i.TIM_ITRx_SetConfig)
    i.TIM_OC1_SetConfig                      0x080034f8   Section        0  stm32f1xx_hal_tim.o(i.TIM_OC1_SetConfig)
    TIM_OC1_SetConfig                        0x080034f9   Thumb Code    90  stm32f1xx_hal_tim.o(i.TIM_OC1_SetConfig)
    i.TIM_OC2_SetConfig                      0x08003558   Section        0  stm32f1xx_hal_tim.o(i.TIM_OC2_SetConfig)
    i.TIM_OC3_SetConfig                      0x080035c0   Section        0  stm32f1xx_hal_tim.o(i.TIM_OC3_SetConfig)
    TIM_OC3_SetConfig                        0x080035c1   Thumb Code    98  stm32f1xx_hal_tim.o(i.TIM_OC3_SetConfig)
    i.TIM_OC4_SetConfig                      0x08003628   Section        0  stm32f1xx_hal_tim.o(i.TIM_OC4_SetConfig)
    TIM_OC4_SetConfig                        0x08003629   Thumb Code    68  stm32f1xx_hal_tim.o(i.TIM_OC4_SetConfig)
    i.TIM_TI1_ConfigInputStage               0x08003670   Section        0  stm32f1xx_hal_tim.o(i.TIM_TI1_ConfigInputStage)
    TIM_TI1_ConfigInputStage                 0x08003671   Thumb Code    38  stm32f1xx_hal_tim.o(i.TIM_TI1_ConfigInputStage)
    i.TIM_TI2_ConfigInputStage               0x08003696   Section        0  stm32f1xx_hal_tim.o(i.TIM_TI2_ConfigInputStage)
    TIM_TI2_ConfigInputStage                 0x08003697   Thumb Code    40  stm32f1xx_hal_tim.o(i.TIM_TI2_ConfigInputStage)
    i.UART_SetConfig                         0x080036c0   Section        0  stm32f1xx_hal_uart.o(i.UART_SetConfig)
    UART_SetConfig                           0x080036c1   Thumb Code   248  stm32f1xx_hal_uart.o(i.UART_SetConfig)
    i.UpStand                                0x080037bc   Section        0  upstand.o(i.UpStand)
    i.UpStand_Init                           0x080037f0   Section        0  upstand.o(i.UpStand_Init)
    i.Update_PID_DerivKnown                  0x08003828   Section        0  pid.o(i.Update_PID_DerivKnown)
    i.UsageFault_Handler                     0x080038a2   Section        0  stm32f1xx_it.o(i.UsageFault_Handler)
    i.__0printf$1                            0x080038a8   Section        0  printf1.o(i.__0printf$1)
    i.__ARM_fpclassify                       0x080038c8   Section        0  fpclassify.o(i.__ARM_fpclassify)
    i.__NVIC_GetPriorityGrouping             0x080038f0   Section        0  stm32f1xx_hal_cortex.o(i.__NVIC_GetPriorityGrouping)
    __NVIC_GetPriorityGrouping               0x080038f1   Thumb Code    10  stm32f1xx_hal_cortex.o(i.__NVIC_GetPriorityGrouping)
    i.__NVIC_SetPriority                     0x08003900   Section        0  stm32f1xx_hal_cortex.o(i.__NVIC_SetPriority)
    __NVIC_SetPriority                       0x08003901   Thumb Code    32  stm32f1xx_hal_cortex.o(i.__NVIC_SetPriority)
    i.__kernel_poly                          0x08003928   Section        0  poly.o(i.__kernel_poly)
    i.__mathlib_dbl_infnan                   0x080039d2   Section        0  dunder.o(i.__mathlib_dbl_infnan)
    i.__mathlib_dbl_infnan2                  0x080039d8   Section        0  dunder.o(i.__mathlib_dbl_infnan2)
    i.__mathlib_dbl_invalid                  0x080039dc   Section        0  dunder.o(i.__mathlib_dbl_invalid)
    i.__mathlib_dbl_underflow                0x080039e8   Section        0  dunder.o(i.__mathlib_dbl_underflow)
    i.__scatterload_copy                     0x080039f8   Section       14  handlers.o(i.__scatterload_copy)
    i.__scatterload_null                     0x08003a06   Section        2  handlers.o(i.__scatterload_null)
    i.__scatterload_zeroinit                 0x08003a08   Section       14  handlers.o(i.__scatterload_zeroinit)
    i.__set_errno                            0x08003a18   Section        0  errno.o(i.__set_errno)
    i._printf_core                           0x08003a24   Section        0  printf1.o(i._printf_core)
    _printf_core                             0x08003a25   Thumb Code   336  printf1.o(i._printf_core)
    i.accel_self_test                        0x08003b78   Section        0  inv_mpu.o(i.accel_self_test)
    accel_self_test                          0x08003b79   Thumb Code   164  inv_mpu.o(i.accel_self_test)
    i.asin                                   0x08003c20   Section        0  asin.o(i.asin)
    i.atan                                   0x08003e90   Section        0  atan.o(i.atan)
    i.atan2                                  0x080040b0   Section        0  atan2.o(i.atan2)
    i.atk_ms6050_dmp_get_data                0x08004230   Section        0  inv_mpu.o(i.atk_ms6050_dmp_get_data)
    i.atk_ms6050_dmp_init                    0x08004448   Section        0  inv_mpu.o(i.atk_ms6050_dmp_init)
    i.atk_ms6050_get_clock_ms                0x080044e4   Section        0  inv_mpu.o(i.atk_ms6050_get_clock_ms)
    i.atk_ms6050_get_gyroscope               0x080044f8   Section        0  atk_ms6050.o(i.atk_ms6050_get_gyroscope)
    i.atk_ms6050_init                        0x08004548   Section        0  atk_ms6050.o(i.atk_ms6050_init)
    i.atk_ms6050_read                        0x080045bc   Section        0  atk_ms6050.o(i.atk_ms6050_read)
    i.atk_ms6050_read_byte                   0x080045ec   Section        0  atk_ms6050.o(i.atk_ms6050_read_byte)
    i.atk_ms6050_run_self_test               0x08004602   Section        0  inv_mpu.o(i.atk_ms6050_run_self_test)
    i.atk_ms6050_set_accel_fsr               0x08004696   Section        0  atk_ms6050.o(i.atk_ms6050_set_accel_fsr)
    i.atk_ms6050_set_gyro_fsr                0x080046a8   Section        0  atk_ms6050.o(i.atk_ms6050_set_gyro_fsr)
    i.atk_ms6050_set_lpf                     0x080046ba   Section        0  atk_ms6050.o(i.atk_ms6050_set_lpf)
    i.atk_ms6050_set_rate                    0x080046f4   Section        0  atk_ms6050.o(i.atk_ms6050_set_rate)
    i.atk_ms6050_sw_reset                    0x08004738   Section        0  atk_ms6050.o(i.atk_ms6050_sw_reset)
    i.atk_ms6050_write                       0x08004758   Section        0  atk_ms6050.o(i.atk_ms6050_write)
    i.atk_ms6050_write_byte                  0x08004788   Section        0  atk_ms6050.o(i.atk_ms6050_write_byte)
    i.decode_gesture                         0x0800479c   Section        0  inv_mpu_dmp_motion_driver.o(i.decode_gesture)
    decode_gesture                           0x0800479d   Thumb Code    94  inv_mpu_dmp_motion_driver.o(i.decode_gesture)
    i.delay_ms                               0x08004800   Section        0  delay.o(i.delay_ms)
    i.delay_us                               0x08004818   Section        0  delay.o(i.delay_us)
    i.dmp_enable_6x_lp_quat                  0x08004832   Section        0  inv_mpu_dmp_motion_driver.o(i.dmp_enable_6x_lp_quat)
    i.dmp_enable_feature                     0x08004870   Section        0  inv_mpu_dmp_motion_driver.o(i.dmp_enable_feature)
    i.dmp_enable_gyro_cal                    0x08004a8c   Section        0  inv_mpu_dmp_motion_driver.o(i.dmp_enable_gyro_cal)
    i.dmp_enable_lp_quat                     0x08004ae4   Section        0  inv_mpu_dmp_motion_driver.o(i.dmp_enable_lp_quat)
    i.dmp_load_motion_driver_firmware        0x08004b20   Section        0  inv_mpu_dmp_motion_driver.o(i.dmp_load_motion_driver_firmware)
    i.dmp_read_fifo                          0x08004b38   Section        0  inv_mpu_dmp_motion_driver.o(i.dmp_read_fifo)
    i.dmp_set_accel_bias                     0x08004d04   Section        0  inv_mpu_dmp_motion_driver.o(i.dmp_set_accel_bias)
    i.dmp_set_fifo_rate                      0x08004e38   Section        0  inv_mpu_dmp_motion_driver.o(i.dmp_set_fifo_rate)
    i.dmp_set_gyro_bias                      0x08004ea8   Section        0  inv_mpu_dmp_motion_driver.o(i.dmp_set_gyro_bias)
    i.dmp_set_orientation                    0x08004fd8   Section        0  inv_mpu_dmp_motion_driver.o(i.dmp_set_orientation)
    i.dmp_set_shake_reject_thresh            0x08005110   Section        0  inv_mpu_dmp_motion_driver.o(i.dmp_set_shake_reject_thresh)
    i.dmp_set_shake_reject_time              0x08005148   Section        0  inv_mpu_dmp_motion_driver.o(i.dmp_set_shake_reject_time)
    i.dmp_set_shake_reject_timeout           0x0800516e   Section        0  inv_mpu_dmp_motion_driver.o(i.dmp_set_shake_reject_timeout)
    i.dmp_set_tap_axes                       0x08005194   Section        0  inv_mpu_dmp_motion_driver.o(i.dmp_set_tap_axes)
    i.dmp_set_tap_count                      0x080051da   Section        0  inv_mpu_dmp_motion_driver.o(i.dmp_set_tap_count)
    i.dmp_set_tap_thresh                     0x08005200   Section        0  inv_mpu_dmp_motion_driver.o(i.dmp_set_tap_thresh)
    i.dmp_set_tap_time                       0x080053a0   Section        0  inv_mpu_dmp_motion_driver.o(i.dmp_set_tap_time)
    i.dmp_set_tap_time_multi                 0x080053c6   Section        0  inv_mpu_dmp_motion_driver.o(i.dmp_set_tap_time_multi)
    i.fputc                                  0x080053ec   Section        0  main.o(i.fputc)
    i.get_accel_prod_shift                   0x08005408   Section        0  inv_mpu.o(i.get_accel_prod_shift)
    get_accel_prod_shift                     0x08005409   Thumb Code   168  inv_mpu.o(i.get_accel_prod_shift)
    i.get_st_biases                          0x080054bc   Section        0  inv_mpu.o(i.get_st_biases)
    get_st_biases                            0x080054bd   Thumb Code  1132  inv_mpu.o(i.get_st_biases)
    i.gyro_self_test                         0x0800592c   Section        0  inv_mpu.o(i.gyro_self_test)
    gyro_self_test                           0x0800592d   Thumb Code   256  inv_mpu.o(i.gyro_self_test)
    i.inv_row_2_scale                        0x08005a3c   Section        0  inv_mpu.o(i.inv_row_2_scale)
    inv_row_2_scale                          0x08005a3d   Thumb Code    78  inv_mpu.o(i.inv_row_2_scale)
    i.main                                   0x08005a8c   Section        0  main.o(i.main)
    i.mpu_configure_fifo                     0x08005b00   Section        0  inv_mpu.o(i.mpu_configure_fifo)
    i.mpu_get_accel_fsr                      0x08005b70   Section        0  inv_mpu.o(i.mpu_get_accel_fsr)
    i.mpu_get_accel_sens                     0x08005bbc   Section        0  inv_mpu.o(i.mpu_get_accel_sens)
    i.mpu_get_fifo_config                    0x08005c10   Section        0  inv_mpu.o(i.mpu_get_fifo_config)
    i.mpu_get_gyro_fsr                       0x08005c20   Section        0  inv_mpu.o(i.mpu_get_gyro_fsr)
    i.mpu_get_gyro_sens                      0x08005c64   Section        0  inv_mpu.o(i.mpu_get_gyro_sens)
    i.mpu_get_lpf                            0x08005cb4   Section        0  inv_mpu.o(i.mpu_get_lpf)
    i.mpu_get_sample_rate                    0x08005d04   Section        0  inv_mpu.o(i.mpu_get_sample_rate)
    i.mpu_init                               0x08005d24   Section        0  inv_mpu.o(i.mpu_init)
    i.mpu_load_firmware                      0x08005ecc   Section        0  inv_mpu.o(i.mpu_load_firmware)
    i.mpu_lp_accel_mode                      0x08005f84   Section        0  inv_mpu.o(i.mpu_lp_accel_mode)
    i.mpu_read_fifo_stream                   0x08006064   Section        0  inv_mpu.o(i.mpu_read_fifo_stream)
    i.mpu_read_mem                           0x08006124   Section        0  inv_mpu.o(i.mpu_read_mem)
    i.mpu_reset_fifo                         0x080061a4   Section        0  inv_mpu.o(i.mpu_reset_fifo)
    i.mpu_run_self_test                      0x0800636c   Section        0  inv_mpu.o(i.mpu_run_self_test)
    i.mpu_set_accel_fsr                      0x08006488   Section        0  inv_mpu.o(i.mpu_set_accel_fsr)
    i.mpu_set_bypass                         0x0800650c   Section        0  inv_mpu.o(i.mpu_set_bypass)
    i.mpu_set_dmp_state                      0x08006658   Section        0  inv_mpu.o(i.mpu_set_dmp_state)
    i.mpu_set_gyro_fsr                       0x080066e8   Section        0  inv_mpu.o(i.mpu_set_gyro_fsr)
    i.mpu_set_int_latched                    0x08006770   Section        0  inv_mpu.o(i.mpu_set_int_latched)
    i.mpu_set_lpf                            0x080067dc   Section        0  inv_mpu.o(i.mpu_set_lpf)
    i.mpu_set_sample_rate                    0x08006860   Section        0  inv_mpu.o(i.mpu_set_sample_rate)
    i.mpu_set_sensors                        0x080068fc   Section        0  inv_mpu.o(i.mpu_set_sensors)
    i.mpu_write_mem                          0x080069cc   Section        0  inv_mpu.o(i.mpu_write_mem)
    i.set_int_enable                         0x08006a4c   Section        0  inv_mpu.o(i.set_int_enable)
    set_int_enable                           0x08006a4d   Thumb Code   138  inv_mpu.o(i.set_int_enable)
    i.sqrt                                   0x08006adc   Section        0  sqrt.o(i.sqrt)
    .constdata                               0x08006b28   Section       80  inv_mpu.o(.constdata)
    .constdata                               0x08006b78   Section     3062  inv_mpu_dmp_motion_driver.o(.constdata)
    dmp_memory                               0x08006b78   Data        3062  inv_mpu_dmp_motion_driver.o(.constdata)
    .constdata                               0x0800776e   Section       18  stm32f1xx_hal_rcc.o(.constdata)
    aPLLMULFactorTable                       0x0800776e   Data          16  stm32f1xx_hal_rcc.o(.constdata)
    aPredivFactorTable                       0x0800777e   Data           2  stm32f1xx_hal_rcc.o(.constdata)
    .constdata                               0x08007780   Section       24  system_stm32f1xx.o(.constdata)
    .constdata                               0x08007798   Section       80  asin.o(.constdata)
    pS                                       0x08007798   Data          48  asin.o(.constdata)
    qS                                       0x080077c8   Data          32  asin.o(.constdata)
    .constdata                               0x080077e8   Section      152  atan.o(.constdata)
    atanhi                                   0x080077e8   Data          32  atan.o(.constdata)
    atanlo                                   0x08007808   Data          32  atan.o(.constdata)
    aTodd                                    0x08007828   Data          40  atan.o(.constdata)
    aTeven                                   0x08007850   Data          48  atan.o(.constdata)
    .constdata                               0x08007880   Section        8  qnan.o(.constdata)
    .data                                    0x20000000   Section       53  inv_mpu.o(.data)
    st                                       0x20000000   Data          44  inv_mpu.o(.data)
    gyro_orientation                         0x2000002c   Data           9  inv_mpu.o(.data)
    .data                                    0x20000038   Section       34  upstand.o(.data)
    .data                                    0x2000005c   Section       13  main.o(.data)
    .data                                    0x2000006c   Section        4  stm32f1xx_it.o(.data)
    .data                                    0x20000070   Section        9  stm32f1xx_hal.o(.data)
    .data                                    0x2000007c   Section        4  system_stm32f1xx.o(.data)
    .data                                    0x20000080   Section        4  stdout.o(.data)
    .data                                    0x20000084   Section        4  errno.o(.data)
    _errno                                   0x20000084   Data           4  errno.o(.data)
    .bss                                     0x20000088   Section       16  inv_mpu_dmp_motion_driver.o(.bss)
    dmp                                      0x20000088   Data          16  inv_mpu_dmp_motion_driver.o(.bss)
    .bss                                     0x20000098   Section       64  upstand.o(.bss)
    .bss                                     0x200000d8   Section       84  i2c.o(.bss)
    .bss                                     0x2000012c   Section      288  tim.o(.bss)
    .bss                                     0x2000024c   Section       72  usart.o(.bss)
    STACK                                    0x20000298   Section     1024  startup_stm32f103xb.o(STACK)

    Global Symbols

    Symbol Name                              Value     Ov Type        Size  Object(Section)

    BuildAttributes$$THM_ISAv4$P$D$K$B$S$PE$A:L22UL41UL21$X:L11$S22US41US21$IEEE1$IW$USESV6$~STKCKD$USESV7$~SHL$OTIME$ROPI$IEEEX$EBA8$MICROLIB$REQ8$PRES8$EABIv2 0x00000000   Number         0  anon$$obj.o ABSOLUTE
    __ARM_use_no_argv                        0x00000000   Number         0  main.o ABSOLUTE
    _printf_a                                0x00000000   Number         0  stubs.o ABSOLUTE
    _printf_c                                0x00000000   Number         0  stubs.o ABSOLUTE
    _printf_charcount                        0x00000000   Number         0  stubs.o ABSOLUTE
    _printf_d                                0x00000000   Number         0  stubs.o ABSOLUTE
    _printf_e                                0x00000000   Number         0  stubs.o ABSOLUTE
    _printf_f                                0x00000000   Number         0  stubs.o ABSOLUTE
    _printf_flags                            0x00000000   Number         0  stubs.o ABSOLUTE
    _printf_fp_dec                           0x00000000   Number         0  stubs.o ABSOLUTE
    _printf_fp_hex                           0x00000000   Number         0  stubs.o ABSOLUTE
    _printf_g                                0x00000000   Number         0  stubs.o ABSOLUTE
    _printf_i                                0x00000000   Number         0  stubs.o ABSOLUTE
    _printf_int_dec                          0x00000000   Number         0  stubs.o ABSOLUTE
    _printf_l                                0x00000000   Number         0  stubs.o ABSOLUTE
    _printf_lc                               0x00000000   Number         0  stubs.o ABSOLUTE
    _printf_ll                               0x00000000   Number         0  stubs.o ABSOLUTE
    _printf_lld                              0x00000000   Number         0  stubs.o ABSOLUTE
    _printf_lli                              0x00000000   Number         0  stubs.o ABSOLUTE
    _printf_llo                              0x00000000   Number         0  stubs.o ABSOLUTE
    _printf_llu                              0x00000000   Number         0  stubs.o ABSOLUTE
    _printf_llx                              0x00000000   Number         0  stubs.o ABSOLUTE
    _printf_longlong_dec                     0x00000000   Number         0  stubs.o ABSOLUTE
    _printf_longlong_hex                     0x00000000   Number         0  stubs.o ABSOLUTE
    _printf_longlong_oct                     0x00000000   Number         0  stubs.o ABSOLUTE
    _printf_ls                               0x00000000   Number         0  stubs.o ABSOLUTE
    _printf_mbtowc                           0x00000000   Number         0  stubs.o ABSOLUTE
    _printf_n                                0x00000000   Number         0  stubs.o ABSOLUTE
    _printf_o                                0x00000000   Number         0  stubs.o ABSOLUTE
    _printf_p                                0x00000000   Number         0  stubs.o ABSOLUTE
    _printf_percent                          0x00000000   Number         0  stubs.o ABSOLUTE
    _printf_pre_padding                      0x00000000   Number         0  stubs.o ABSOLUTE
    _printf_return_value                     0x00000000   Number         0  stubs.o ABSOLUTE
    _printf_s                                0x00000000   Number         0  stubs.o ABSOLUTE
    _printf_sizespec                         0x00000000   Number         0  stubs.o ABSOLUTE
    _printf_str                              0x00000000   Number         0  stubs.o ABSOLUTE
    _printf_truncate_signed                  0x00000000   Number         0  stubs.o ABSOLUTE
    _printf_truncate_unsigned                0x00000000   Number         0  stubs.o ABSOLUTE
    _printf_u                                0x00000000   Number         0  stubs.o ABSOLUTE
    _printf_wc                               0x00000000   Number         0  stubs.o ABSOLUTE
    _printf_wctomb                           0x00000000   Number         0  stubs.o ABSOLUTE
    _printf_widthprec                        0x00000000   Number         0  stubs.o ABSOLUTE
    _printf_x                                0x00000000   Number         0  stubs.o ABSOLUTE
    __cpp_initialize__aeabi_                  - Undefined Weak Reference
    __cxa_finalize                            - Undefined Weak Reference
    __decompress                              - Undefined Weak Reference
    _clock_init                               - Undefined Weak Reference
    _microlib_exit                            - Undefined Weak Reference
    __Vectors_Size                           0x000000ec   Number         0  startup_stm32f103xb.o ABSOLUTE
    __Vectors                                0x08000000   Data           4  startup_stm32f103xb.o(RESET)
    __Vectors_End                            0x080000ec   Data           0  startup_stm32f103xb.o(RESET)
    __main                                   0x080000ed   Thumb Code     0  entry.o(.ARM.Collect$$$$00000000)
    _main_stk                                0x080000ed   Thumb Code     0  entry2.o(.ARM.Collect$$$$00000001)
    _main_scatterload                        0x080000f1   Thumb Code     0  entry5.o(.ARM.Collect$$$$00000004)
    __main_after_scatterload                 0x080000f5   Thumb Code     0  entry5.o(.ARM.Collect$$$$00000004)
    _main_clock                              0x080000f5   Thumb Code     0  entry7b.o(.ARM.Collect$$$$00000008)
    _main_cpp_init                           0x080000f5   Thumb Code     0  entry8b.o(.ARM.Collect$$$$0000000A)
    _main_init                               0x080000f5   Thumb Code     0  entry9a.o(.ARM.Collect$$$$0000000B)
    __rt_final_cpp                           0x080000fd   Thumb Code     0  entry10a.o(.ARM.Collect$$$$0000000D)
    __rt_final_exit                          0x080000fd   Thumb Code     0  entry11a.o(.ARM.Collect$$$$0000000F)
    Reset_Handler                            0x08000101   Thumb Code     8  startup_stm32f103xb.o(.text)
    ADC1_2_IRQHandler                        0x0800011b   Thumb Code     0  startup_stm32f103xb.o(.text)
    CAN1_RX1_IRQHandler                      0x0800011b   Thumb Code     0  startup_stm32f103xb.o(.text)
    CAN1_SCE_IRQHandler                      0x0800011b   Thumb Code     0  startup_stm32f103xb.o(.text)
    DMA1_Channel1_IRQHandler                 0x0800011b   Thumb Code     0  startup_stm32f103xb.o(.text)
    DMA1_Channel2_IRQHandler                 0x0800011b   Thumb Code     0  startup_stm32f103xb.o(.text)
    DMA1_Channel3_IRQHandler                 0x0800011b   Thumb Code     0  startup_stm32f103xb.o(.text)
    DMA1_Channel4_IRQHandler                 0x0800011b   Thumb Code     0  startup_stm32f103xb.o(.text)
    DMA1_Channel5_IRQHandler                 0x0800011b   Thumb Code     0  startup_stm32f103xb.o(.text)
    DMA1_Channel6_IRQHandler                 0x0800011b   Thumb Code     0  startup_stm32f103xb.o(.text)
    DMA1_Channel7_IRQHandler                 0x0800011b   Thumb Code     0  startup_stm32f103xb.o(.text)
    EXTI0_IRQHandler                         0x0800011b   Thumb Code     0  startup_stm32f103xb.o(.text)
    EXTI15_10_IRQHandler                     0x0800011b   Thumb Code     0  startup_stm32f103xb.o(.text)
    EXTI1_IRQHandler                         0x0800011b   Thumb Code     0  startup_stm32f103xb.o(.text)
    EXTI2_IRQHandler                         0x0800011b   Thumb Code     0  startup_stm32f103xb.o(.text)
    EXTI3_IRQHandler                         0x0800011b   Thumb Code     0  startup_stm32f103xb.o(.text)
    EXTI4_IRQHandler                         0x0800011b   Thumb Code     0  startup_stm32f103xb.o(.text)
    EXTI9_5_IRQHandler                       0x0800011b   Thumb Code     0  startup_stm32f103xb.o(.text)
    FLASH_IRQHandler                         0x0800011b   Thumb Code     0  startup_stm32f103xb.o(.text)
    I2C1_ER_IRQHandler                       0x0800011b   Thumb Code     0  startup_stm32f103xb.o(.text)
    I2C1_EV_IRQHandler                       0x0800011b   Thumb Code     0  startup_stm32f103xb.o(.text)
    I2C2_ER_IRQHandler                       0x0800011b   Thumb Code     0  startup_stm32f103xb.o(.text)
    I2C2_EV_IRQHandler                       0x0800011b   Thumb Code     0  startup_stm32f103xb.o(.text)
    PVD_IRQHandler                           0x0800011b   Thumb Code     0  startup_stm32f103xb.o(.text)
    RCC_IRQHandler                           0x0800011b   Thumb Code     0  startup_stm32f103xb.o(.text)
    RTC_Alarm_IRQHandler                     0x0800011b   Thumb Code     0  startup_stm32f103xb.o(.text)
    RTC_IRQHandler                           0x0800011b   Thumb Code     0  startup_stm32f103xb.o(.text)
    SPI1_IRQHandler                          0x0800011b   Thumb Code     0  startup_stm32f103xb.o(.text)
    SPI2_IRQHandler                          0x0800011b   Thumb Code     0  startup_stm32f103xb.o(.text)
    TAMPER_IRQHandler                        0x0800011b   Thumb Code     0  startup_stm32f103xb.o(.text)
    TIM1_BRK_IRQHandler                      0x0800011b   Thumb Code     0  startup_stm32f103xb.o(.text)
    TIM1_CC_IRQHandler                       0x0800011b   Thumb Code     0  startup_stm32f103xb.o(.text)
    TIM1_TRG_COM_IRQHandler                  0x0800011b   Thumb Code     0  startup_stm32f103xb.o(.text)
    TIM2_IRQHandler                          0x0800011b   Thumb Code     0  startup_stm32f103xb.o(.text)
    TIM3_IRQHandler                          0x0800011b   Thumb Code     0  startup_stm32f103xb.o(.text)
    TIM4_IRQHandler                          0x0800011b   Thumb Code     0  startup_stm32f103xb.o(.text)
    USART1_IRQHandler                        0x0800011b   Thumb Code     0  startup_stm32f103xb.o(.text)
    USART2_IRQHandler                        0x0800011b   Thumb Code     0  startup_stm32f103xb.o(.text)
    USART3_IRQHandler                        0x0800011b   Thumb Code     0  startup_stm32f103xb.o(.text)
    USBWakeUp_IRQHandler                     0x0800011b   Thumb Code     0  startup_stm32f103xb.o(.text)
    USB_HP_CAN1_TX_IRQHandler                0x0800011b   Thumb Code     0  startup_stm32f103xb.o(.text)
    USB_LP_CAN1_RX0_IRQHandler               0x0800011b   Thumb Code     0  startup_stm32f103xb.o(.text)
    WWDG_IRQHandler                          0x0800011b   Thumb Code     0  startup_stm32f103xb.o(.text)
    __aeabi_ldivmod                          0x08000125   Thumb Code    98  ldiv.o(.text)
    __aeabi_llsr                             0x08000187   Thumb Code    32  llushr.o(.text)
    _ll_ushift_r                             0x08000187   Thumb Code     0  llushr.o(.text)
    __aeabi_memset                           0x080001a7   Thumb Code    14  memseta.o(.text)
    __aeabi_memset4                          0x080001a7   Thumb Code     0  memseta.o(.text)
    __aeabi_memset8                          0x080001a7   Thumb Code     0  memseta.o(.text)
    __aeabi_memclr                           0x080001b5   Thumb Code     4  memseta.o(.text)
    __aeabi_memclr4                          0x080001b5   Thumb Code     0  memseta.o(.text)
    __aeabi_memclr8                          0x080001b5   Thumb Code     0  memseta.o(.text)
    _memset$wrapper                          0x080001b9   Thumb Code    18  memseta.o(.text)
    memcmp                                   0x080001cb   Thumb Code    26  memcmp.o(.text)
    __aeabi_fadd                             0x080001e5   Thumb Code   164  fadd.o(.text)
    __aeabi_fsub                             0x08000289   Thumb Code     6  fadd.o(.text)
    __aeabi_frsub                            0x0800028f   Thumb Code     6  fadd.o(.text)
    __aeabi_fmul                             0x08000295   Thumb Code   100  fmul.o(.text)
    __aeabi_fdiv                             0x080002f9   Thumb Code   124  fdiv.o(.text)
    __aeabi_dmul                             0x08000375   Thumb Code   228  dmul.o(.text)
    __aeabi_i2f                              0x08000459   Thumb Code    18  fflti.o(.text)
    __aeabi_ui2f                             0x0800046b   Thumb Code    10  ffltui.o(.text)
    __aeabi_f2iz                             0x08000475   Thumb Code    50  ffixi.o(.text)
    __aeabi_f2uiz                            0x080004a7   Thumb Code    40  ffixui.o(.text)
    __aeabi_f2d                              0x080004cf   Thumb Code    38  f2d.o(.text)
    __aeabi_d2f                              0x080004f5   Thumb Code    56  d2f.o(.text)
    __aeabi_cfcmpeq                          0x0800052d   Thumb Code     0  cfcmple.o(.text)
    __aeabi_cfcmple                          0x0800052d   Thumb Code    20  cfcmple.o(.text)
    __aeabi_cfrcmple                         0x08000541   Thumb Code    20  cfrcmple.o(.text)
    __aeabi_uidiv                            0x08000555   Thumb Code     0  uidiv.o(.text)
    __aeabi_uidivmod                         0x08000555   Thumb Code    44  uidiv.o(.text)
    __aeabi_uldivmod                         0x08000581   Thumb Code    98  uldiv.o(.text)
    __I$use$fp                               0x080005e3   Thumb Code     0  iusefp.o(.text)
    _float_round                             0x080005e3   Thumb Code    18  fepilogue.o(.text)
    _float_epilogue                          0x080005f5   Thumb Code    92  fepilogue.o(.text)
    _double_round                            0x08000651   Thumb Code    30  depilogue.o(.text)
    _double_epilogue                         0x0800066f   Thumb Code   156  depilogue.o(.text)
    __aeabi_dadd                             0x0800070b   Thumb Code   322  dadd.o(.text)
    __aeabi_dsub                             0x0800084d   Thumb Code     6  dadd.o(.text)
    __aeabi_drsub                            0x08000853   Thumb Code     6  dadd.o(.text)
    __aeabi_ddiv                             0x08000859   Thumb Code   222  ddiv.o(.text)
    __ARM_scalbn                             0x08000937   Thumb Code    46  dscalb.o(.text)
    scalbn                                   0x08000937   Thumb Code     0  dscalb.o(.text)
    __scatterload                            0x08000965   Thumb Code    28  init.o(.text)
    __scatterload_rt2                        0x08000965   Thumb Code     0  init.o(.text)
    __aeabi_llsl                             0x08000989   Thumb Code    30  llshl.o(.text)
    _ll_shift_l                              0x08000989   Thumb Code     0  llshl.o(.text)
    __aeabi_lasr                             0x080009a7   Thumb Code    36  llsshr.o(.text)
    _ll_sshift_r                             0x080009a7   Thumb Code     0  llsshr.o(.text)
    _dsqrt                                   0x080009cb   Thumb Code   162  dsqrt.o(.text)
    BusFault_Handler                         0x08000a6d   Thumb Code     4  stm32f1xx_it.o(i.BusFault_Handler)
    DebugMon_Handler                         0x08000a71   Thumb Code     2  stm32f1xx_it.o(i.DebugMon_Handler)
    Error_Handler                            0x08000a73   Thumb Code     6  main.o(i.Error_Handler)
    HAL_GPIO_Init                            0x08000a79   Thumb Code   766  stm32f1xx_hal_gpio.o(i.HAL_GPIO_Init)
    HAL_GPIO_TogglePin                       0x08000d99   Thumb Code    20  stm32f1xx_hal_gpio.o(i.HAL_GPIO_TogglePin)
    HAL_GPIO_WritePin                        0x08000dad   Thumb Code    12  stm32f1xx_hal_gpio.o(i.HAL_GPIO_WritePin)
    HAL_GetTick                              0x08000db9   Thumb Code     6  stm32f1xx_hal.o(i.HAL_GetTick)
    HAL_I2C_Init                             0x08000dc5   Thumb Code   446  stm32f1xx_hal_i2c.o(i.HAL_I2C_Init)
    HAL_I2C_Mem_Read                         0x08000f95   Thumb Code   850  stm32f1xx_hal_i2c.o(i.HAL_I2C_Mem_Read)
    HAL_I2C_Mem_Write                        0x080012f9   Thumb Code   348  stm32f1xx_hal_i2c.o(i.HAL_I2C_Mem_Write)
    HAL_I2C_MspInit                          0x0800145d   Thumb Code   124  i2c.o(i.HAL_I2C_MspInit)
    HAL_IncTick                              0x080014e9   Thumb Code    16  stm32f1xx_hal.o(i.HAL_IncTick)
    HAL_Init                                 0x08001501   Thumb Code    34  stm32f1xx_hal.o(i.HAL_Init)
    HAL_InitTick                             0x08001529   Thumb Code    62  stm32f1xx_hal.o(i.HAL_InitTick)
    HAL_MspInit                              0x08001575   Thumb Code    76  stm32f1xx_hal_msp.o(i.HAL_MspInit)
    HAL_NVIC_EnableIRQ                       0x080015c9   Thumb Code    32  stm32f1xx_hal_cortex.o(i.HAL_NVIC_EnableIRQ)
    HAL_NVIC_SetPriority                     0x080015e9   Thumb Code   124  stm32f1xx_hal_cortex.o(i.HAL_NVIC_SetPriority)
    HAL_NVIC_SetPriorityGrouping             0x08001665   Thumb Code    32  stm32f1xx_hal_cortex.o(i.HAL_NVIC_SetPriorityGrouping)
    HAL_RCC_ClockConfig                      0x0800168d   Thumb Code   376  stm32f1xx_hal_rcc.o(i.HAL_RCC_ClockConfig)
    HAL_RCC_GetHCLKFreq                      0x08001819   Thumb Code     6  stm32f1xx_hal_rcc.o(i.HAL_RCC_GetHCLKFreq)
    HAL_RCC_GetPCLK1Freq                     0x08001825   Thumb Code    22  stm32f1xx_hal_rcc.o(i.HAL_RCC_GetPCLK1Freq)
    HAL_RCC_GetPCLK2Freq                     0x08001845   Thumb Code    22  stm32f1xx_hal_rcc.o(i.HAL_RCC_GetPCLK2Freq)
    HAL_RCC_GetSysClockFreq                  0x08001865   Thumb Code    92  stm32f1xx_hal_rcc.o(i.HAL_RCC_GetSysClockFreq)
    HAL_RCC_OscConfig                        0x080018d5   Thumb Code  1114  stm32f1xx_hal_rcc.o(i.HAL_RCC_OscConfig)
    HAL_SYSTICK_Config                       0x08001d39   Thumb Code    52  stm32f1xx_hal_cortex.o(i.HAL_SYSTICK_Config)
    HAL_TIMEx_BreakCallback                  0x08001d6d   Thumb Code     2  stm32f1xx_hal_tim_ex.o(i.HAL_TIMEx_BreakCallback)
    HAL_TIMEx_CommutCallback                 0x08001d6f   Thumb Code     2  stm32f1xx_hal_tim_ex.o(i.HAL_TIMEx_CommutCallback)
    HAL_TIMEx_MasterConfigSynchronization    0x08001d71   Thumb Code   118  stm32f1xx_hal_tim_ex.o(i.HAL_TIMEx_MasterConfigSynchronization)
    HAL_TIM_Base_Init                        0x08001df5   Thumb Code   102  stm32f1xx_hal_tim.o(i.HAL_TIM_Base_Init)
    HAL_TIM_Base_MspInit                     0x08001e5d   Thumb Code    58  tim.o(i.HAL_TIM_Base_MspInit)
    HAL_TIM_Base_Start_IT                    0x08001ea1   Thumb Code   106  stm32f1xx_hal_tim.o(i.HAL_TIM_Base_Start_IT)
    HAL_TIM_ConfigClockSource                0x08001f19   Thumb Code   268  stm32f1xx_hal_tim.o(i.HAL_TIM_ConfigClockSource)
    HAL_TIM_Encoder_Init                     0x08002025   Thumb Code   196  stm32f1xx_hal_tim.o(i.HAL_TIM_Encoder_Init)
    HAL_TIM_Encoder_MspInit                  0x080020e9   Thumb Code   182  tim.o(i.HAL_TIM_Encoder_MspInit)
    HAL_TIM_Encoder_Start                    0x080021b5   Thumb Code   204  stm32f1xx_hal_tim.o(i.HAL_TIM_Encoder_Start)
    HAL_TIM_IC_CaptureCallback               0x08002281   Thumb Code     2  stm32f1xx_hal_tim.o(i.HAL_TIM_IC_CaptureCallback)
    HAL_TIM_IRQHandler                       0x08002283   Thumb Code   406  stm32f1xx_hal_tim.o(i.HAL_TIM_IRQHandler)
    HAL_TIM_MspPostInit                      0x08002419   Thumb Code    74  tim.o(i.HAL_TIM_MspPostInit)
    HAL_TIM_OC_DelayElapsedCallback          0x0800246d   Thumb Code     2  stm32f1xx_hal_tim.o(i.HAL_TIM_OC_DelayElapsedCallback)
    HAL_TIM_PWM_ConfigChannel                0x0800246f   Thumb Code   260  stm32f1xx_hal_tim.o(i.HAL_TIM_PWM_ConfigChannel)
    HAL_TIM_PWM_Init                         0x08002573   Thumb Code   102  stm32f1xx_hal_tim.o(i.HAL_TIM_PWM_Init)
    HAL_TIM_PWM_MspInit                      0x080025d9   Thumb Code    40  tim.o(i.HAL_TIM_PWM_MspInit)
    HAL_TIM_PWM_PulseFinishedCallback        0x08002605   Thumb Code     2  stm32f1xx_hal_tim.o(i.HAL_TIM_PWM_PulseFinishedCallback)
    HAL_TIM_PWM_Start                        0x08002609   Thumb Code   198  stm32f1xx_hal_tim.o(i.HAL_TIM_PWM_Start)
    HAL_TIM_PeriodElapsedCallback            0x080026dd   Thumb Code   300  main.o(i.HAL_TIM_PeriodElapsedCallback)
    HAL_TIM_TriggerCallback                  0x0800285d   Thumb Code     2  stm32f1xx_hal_tim.o(i.HAL_TIM_TriggerCallback)
    HAL_UART_Init                            0x0800285f   Thumb Code   118  stm32f1xx_hal_uart.o(i.HAL_UART_Init)
    HAL_UART_MspInit                         0x080028d5   Thumb Code   122  usart.o(i.HAL_UART_MspInit)
    HardFault_Handler                        0x0800295d   Thumb Code     4  stm32f1xx_it.o(i.HardFault_Handler)
    MX_GPIO_Init                             0x08002ef1   Thumb Code   200  gpio.o(i.MX_GPIO_Init)
    MX_I2C1_Init                             0x08002fc5   Thumb Code    48  i2c.o(i.MX_I2C1_Init)
    MX_TIM1_Init                             0x08003001   Thumb Code   106  tim.o(i.MX_TIM1_Init)
    MX_TIM2_Init                             0x08003075   Thumb Code   132  tim.o(i.MX_TIM2_Init)
    MX_TIM3_Init                             0x080030fd   Thumb Code   114  tim.o(i.MX_TIM3_Init)
    MX_TIM4_Init                             0x08003179   Thumb Code   114  tim.o(i.MX_TIM4_Init)
    MX_USART1_UART_Init                      0x080031f5   Thumb Code    46  usart.o(i.MX_USART1_UART_Init)
    MemManage_Handler                        0x0800322d   Thumb Code     4  stm32f1xx_it.o(i.MemManage_Handler)
    Motor_Output                             0x08003231   Thumb Code   188  motor.o(i.Motor_Output)
    NMI_Handler                              0x080032fd   Thumb Code     4  stm32f1xx_it.o(i.NMI_Handler)
    PID_Init                                 0x08003301   Thumb Code    22  pid.o(i.PID_Init)
    PID_Set_Kd                               0x0800331d   Thumb Code     4  pid.o(i.PID_Set_Kd)
    PID_Set_Ki                               0x08003321   Thumb Code     4  pid.o(i.PID_Set_Ki)
    PID_Set_Kp                               0x08003325   Thumb Code     4  pid.o(i.PID_Set_Kp)
    PendSV_Handler                           0x08003329   Thumb Code     2  stm32f1xx_it.o(i.PendSV_Handler)
    SVC_Handler                              0x08003355   Thumb Code     2  stm32f1xx_it.o(i.SVC_Handler)
    SysTick_Handler                          0x08003359   Thumb Code    78  stm32f1xx_it.o(i.SysTick_Handler)
    SystemClock_Config                       0x080033c1   Thumb Code   102  main.o(i.SystemClock_Config)
    SystemInit                               0x08003427   Thumb Code     2  system_stm32f1xx.o(i.SystemInit)
    TIM1_UP_IRQHandler                       0x08003429   Thumb Code    10  stm32f1xx_it.o(i.TIM1_UP_IRQHandler)
    TIM_Base_SetConfig                       0x08003439   Thumb Code   104  stm32f1xx_hal_tim.o(i.TIM_Base_SetConfig)
    TIM_CCxChannelCmd                        0x080034ad   Thumb Code    34  stm32f1xx_hal_tim.o(i.TIM_CCxChannelCmd)
    TIM_ETR_SetConfig                        0x080034cf   Thumb Code    22  stm32f1xx_hal_tim.o(i.TIM_ETR_SetConfig)
    TIM_OC2_SetConfig                        0x08003559   Thumb Code   100  stm32f1xx_hal_tim.o(i.TIM_OC2_SetConfig)
    UpStand                                  0x080037bd   Thumb Code    28  upstand.o(i.UpStand)
    UpStand_Init                             0x080037f1   Thumb Code    42  upstand.o(i.UpStand_Init)
    Update_PID_DerivKnown                    0x08003829   Thumb Code   122  pid.o(i.Update_PID_DerivKnown)
    UsageFault_Handler                       0x080038a3   Thumb Code     4  stm32f1xx_it.o(i.UsageFault_Handler)
    __0printf$1                              0x080038a9   Thumb Code    22  printf1.o(i.__0printf$1)
    __1printf$1                              0x080038a9   Thumb Code     0  printf1.o(i.__0printf$1)
    __2printf                                0x080038a9   Thumb Code     0  printf1.o(i.__0printf$1)
    __ARM_fpclassify                         0x080038c9   Thumb Code    40  fpclassify.o(i.__ARM_fpclassify)
    __kernel_poly                            0x08003929   Thumb Code   170  poly.o(i.__kernel_poly)
    __mathlib_dbl_infnan                     0x080039d3   Thumb Code     6  dunder.o(i.__mathlib_dbl_infnan)
    __mathlib_dbl_infnan2                    0x080039d9   Thumb Code     4  dunder.o(i.__mathlib_dbl_infnan2)
    __mathlib_dbl_invalid                    0x080039dd   Thumb Code    12  dunder.o(i.__mathlib_dbl_invalid)
    __mathlib_dbl_underflow                  0x080039e9   Thumb Code    10  dunder.o(i.__mathlib_dbl_underflow)
    __scatterload_copy                       0x080039f9   Thumb Code    14  handlers.o(i.__scatterload_copy)
    __scatterload_null                       0x08003a07   Thumb Code     2  handlers.o(i.__scatterload_null)
    __scatterload_zeroinit                   0x08003a09   Thumb Code    14  handlers.o(i.__scatterload_zeroinit)
    __set_errno                              0x08003a19   Thumb Code     6  errno.o(i.__set_errno)
    asin                                     0x08003c21   Thumb Code   572  asin.o(i.asin)
    atan                                     0x08003e91   Thumb Code   474  atan.o(i.atan)
    atan2                                    0x080040b1   Thumb Code   346  atan2.o(i.atan2)
    atk_ms6050_dmp_get_data                  0x08004231   Thumb Code   530  inv_mpu.o(i.atk_ms6050_dmp_get_data)
    atk_ms6050_dmp_init                      0x08004449   Thumb Code   150  inv_mpu.o(i.atk_ms6050_dmp_init)
    atk_ms6050_get_clock_ms                  0x080044e5   Thumb Code    20  inv_mpu.o(i.atk_ms6050_get_clock_ms)
    atk_ms6050_get_gyroscope                 0x080044f9   Thumb Code    80  atk_ms6050.o(i.atk_ms6050_get_gyroscope)
    atk_ms6050_init                          0x08004549   Thumb Code   116  atk_ms6050.o(i.atk_ms6050_init)
    atk_ms6050_read                          0x080045bd   Thumb Code    42  atk_ms6050.o(i.atk_ms6050_read)
    atk_ms6050_read_byte                     0x080045ed   Thumb Code    22  atk_ms6050.o(i.atk_ms6050_read_byte)
    atk_ms6050_run_self_test                 0x08004603   Thumb Code   148  inv_mpu.o(i.atk_ms6050_run_self_test)
    atk_ms6050_set_accel_fsr                 0x08004697   Thumb Code    18  atk_ms6050.o(i.atk_ms6050_set_accel_fsr)
    atk_ms6050_set_gyro_fsr                  0x080046a9   Thumb Code    18  atk_ms6050.o(i.atk_ms6050_set_gyro_fsr)
    atk_ms6050_set_lpf                       0x080046bb   Thumb Code    58  atk_ms6050.o(i.atk_ms6050_set_lpf)
    atk_ms6050_set_rate                      0x080046f5   Thumb Code    68  atk_ms6050.o(i.atk_ms6050_set_rate)
    atk_ms6050_sw_reset                      0x08004739   Thumb Code    30  atk_ms6050.o(i.atk_ms6050_sw_reset)
    atk_ms6050_write                         0x08004759   Thumb Code    42  atk_ms6050.o(i.atk_ms6050_write)
    atk_ms6050_write_byte                    0x08004789   Thumb Code    20  atk_ms6050.o(i.atk_ms6050_write_byte)
    delay_ms                                 0x08004801   Thumb Code    24  delay.o(i.delay_ms)
    delay_us                                 0x08004819   Thumb Code    26  delay.o(i.delay_us)
    dmp_enable_6x_lp_quat                    0x08004833   Thumb Code    60  inv_mpu_dmp_motion_driver.o(i.dmp_enable_6x_lp_quat)
    dmp_enable_feature                       0x08004871   Thumb Code   530  inv_mpu_dmp_motion_driver.o(i.dmp_enable_feature)
    dmp_enable_gyro_cal                      0x08004a8d   Thumb Code    62  inv_mpu_dmp_motion_driver.o(i.dmp_enable_gyro_cal)
    dmp_enable_lp_quat                       0x08004ae5   Thumb Code    60  inv_mpu_dmp_motion_driver.o(i.dmp_enable_lp_quat)
    dmp_load_motion_driver_firmware          0x08004b21   Thumb Code    20  inv_mpu_dmp_motion_driver.o(i.dmp_load_motion_driver_firmware)
    dmp_read_fifo                            0x08004b39   Thumb Code   456  inv_mpu_dmp_motion_driver.o(i.dmp_read_fifo)
    dmp_set_accel_bias                       0x08004d05   Thumb Code   302  inv_mpu_dmp_motion_driver.o(i.dmp_set_accel_bias)
    dmp_set_fifo_rate                        0x08004e39   Thumb Code    96  inv_mpu_dmp_motion_driver.o(i.dmp_set_fifo_rate)
    dmp_set_gyro_bias                        0x08004ea9   Thumb Code   294  inv_mpu_dmp_motion_driver.o(i.dmp_set_gyro_bias)
    dmp_set_orientation                      0x08004fd9   Thumb Code   290  inv_mpu_dmp_motion_driver.o(i.dmp_set_orientation)
    dmp_set_shake_reject_thresh              0x08005111   Thumb Code    56  inv_mpu_dmp_motion_driver.o(i.dmp_set_shake_reject_thresh)
    dmp_set_shake_reject_time                0x08005149   Thumb Code    38  inv_mpu_dmp_motion_driver.o(i.dmp_set_shake_reject_time)
    dmp_set_shake_reject_timeout             0x0800516f   Thumb Code    38  inv_mpu_dmp_motion_driver.o(i.dmp_set_shake_reject_timeout)
    dmp_set_tap_axes                         0x08005195   Thumb Code    70  inv_mpu_dmp_motion_driver.o(i.dmp_set_tap_axes)
    dmp_set_tap_count                        0x080051db   Thumb Code    38  inv_mpu_dmp_motion_driver.o(i.dmp_set_tap_count)
    dmp_set_tap_thresh                       0x08005201   Thumb Code   396  inv_mpu_dmp_motion_driver.o(i.dmp_set_tap_thresh)
    dmp_set_tap_time                         0x080053a1   Thumb Code    38  inv_mpu_dmp_motion_driver.o(i.dmp_set_tap_time)
    dmp_set_tap_time_multi                   0x080053c7   Thumb Code    38  inv_mpu_dmp_motion_driver.o(i.dmp_set_tap_time_multi)
    fputc                                    0x080053ed   Thumb Code    22  main.o(i.fputc)
    main                                     0x08005a8d   Thumb Code   100  main.o(i.main)
    mpu_configure_fifo                       0x08005b01   Thumb Code   106  inv_mpu.o(i.mpu_configure_fifo)
    mpu_get_accel_fsr                        0x08005b71   Thumb Code    72  inv_mpu.o(i.mpu_get_accel_fsr)
    mpu_get_accel_sens                       0x08005bbd   Thumb Code    78  inv_mpu.o(i.mpu_get_accel_sens)
    mpu_get_fifo_config                      0x08005c11   Thumb Code    12  inv_mpu.o(i.mpu_get_fifo_config)
    mpu_get_gyro_fsr                         0x08005c21   Thumb Code    64  inv_mpu.o(i.mpu_get_gyro_fsr)
    mpu_get_gyro_sens                        0x08005c65   Thumb Code    58  inv_mpu.o(i.mpu_get_gyro_sens)
    mpu_get_lpf                              0x08005cb5   Thumb Code    74  inv_mpu.o(i.mpu_get_lpf)
    mpu_get_sample_rate                      0x08005d05   Thumb Code    26  inv_mpu.o(i.mpu_get_sample_rate)
    mpu_init                                 0x08005d25   Thumb Code   418  inv_mpu.o(i.mpu_init)
    mpu_load_firmware                        0x08005ecd   Thumb Code   180  inv_mpu.o(i.mpu_load_firmware)
    mpu_lp_accel_mode                        0x08005f85   Thumb Code   218  inv_mpu.o(i.mpu_lp_accel_mode)
    mpu_read_fifo_stream                     0x08006065   Thumb Code   186  inv_mpu.o(i.mpu_read_fifo_stream)
    mpu_read_mem                             0x08006125   Thumb Code   122  inv_mpu.o(i.mpu_read_mem)
    mpu_reset_fifo                           0x080061a5   Thumb Code   450  inv_mpu.o(i.mpu_reset_fifo)
    mpu_run_self_test                        0x0800636d   Thumb Code   278  inv_mpu.o(i.mpu_run_self_test)
    mpu_set_accel_fsr                        0x08006489   Thumb Code   126  inv_mpu.o(i.mpu_set_accel_fsr)
    mpu_set_bypass                           0x0800650d   Thumb Code   328  inv_mpu.o(i.mpu_set_bypass)
    mpu_set_dmp_state                        0x08006659   Thumb Code   138  inv_mpu.o(i.mpu_set_dmp_state)
    mpu_set_gyro_fsr                         0x080066e9   Thumb Code   132  inv_mpu.o(i.mpu_set_gyro_fsr)
    mpu_set_int_latched                      0x08006771   Thumb Code   102  inv_mpu.o(i.mpu_set_int_latched)
    mpu_set_lpf                              0x080067dd   Thumb Code   126  inv_mpu.o(i.mpu_set_lpf)
    mpu_set_sample_rate                      0x08006861   Thumb Code   152  inv_mpu.o(i.mpu_set_sample_rate)
    mpu_set_sensors                          0x080068fd   Thumb Code   202  inv_mpu.o(i.mpu_set_sensors)
    mpu_write_mem                            0x080069cd   Thumb Code   122  inv_mpu.o(i.mpu_write_mem)
    sqrt                                     0x08006add   Thumb Code    76  sqrt.o(i.sqrt)
    reg                                      0x08006b28   Data          27  inv_mpu.o(.constdata)
    hw                                       0x08006b44   Data          12  inv_mpu.o(.constdata)
    test                                     0x08006b50   Data          40  inv_mpu.o(.constdata)
    AHBPrescTable                            0x08007780   Data          16  system_stm32f1xx.o(.constdata)
    APBPrescTable                            0x08007790   Data           8  system_stm32f1xx.o(.constdata)
    __mathlib_zero                           0x08007880   Data           8  qnan.o(.constdata)
    Region$$Table$$Base                      0x08007888   Number         0  anon$$obj.o(Region$$Table)
    Region$$Table$$Limit                     0x080078a8   Number         0  anon$$obj.o(Region$$Table)
    pit                                      0x20000038   Data           4  upstand.o(.data)
    rol                                      0x2000003c   Data           4  upstand.o(.data)
    yaw                                      0x20000040   Data           4  upstand.o(.data)
    gyr_x                                    0x20000044   Data           2  upstand.o(.data)
    gyr_y                                    0x20000046   Data           2  upstand.o(.data)
    gyr_z                                    0x20000048   Data           2  upstand.o(.data)
    angularVelocity                          0x2000004c   Data           4  upstand.o(.data)
    angle_pid_output                         0x20000050   Data           4  upstand.o(.data)
    speed_pid_output                         0x20000054   Data           4  upstand.o(.data)
    speed_control_counter                    0x20000058   Data           2  upstand.o(.data)
    DirectionL                               0x2000005c   Data           4  main.o(.data)
    DirectionR                               0x20000060   Data           4  main.o(.data)
    MotorSpeedL                              0x20000064   Data           2  main.o(.data)
    MotorSpeedR                              0x20000066   Data           2  main.o(.data)
    whoami                                   0x20000068   Data           1  main.o(.data)
    cnt                                      0x2000006c   Data           4  stm32f1xx_it.o(.data)
    uwTick                                   0x20000070   Data           4  stm32f1xx_hal.o(.data)
    uwTickPrio                               0x20000074   Data           4  stm32f1xx_hal.o(.data)
    uwTickFreq                               0x20000078   Data           1  stm32f1xx_hal.o(.data)
    SystemCoreClock                          0x2000007c   Data           4  system_stm32f1xx.o(.data)
    __stdout                                 0x20000080   Data           4  stdout.o(.data)
    angle_pid                                0x20000098   Data          32  upstand.o(.bss)
    speed_pid                                0x200000b8   Data          32  upstand.o(.bss)
    hi2c1                                    0x200000d8   Data          84  i2c.o(.bss)
    htim1                                    0x2000012c   Data          72  tim.o(.bss)
    htim2                                    0x20000174   Data          72  tim.o(.bss)
    htim3                                    0x200001bc   Data          72  tim.o(.bss)
    htim4                                    0x20000204   Data          72  tim.o(.bss)
    huart1                                   0x2000024c   Data          72  usart.o(.bss)
    __initial_sp                             0x20000698   Data           0  startup_stm32f103xb.o(STACK)



==============================================================================

Memory Map of the image

  Image Entry point : 0x080000ed

  Load Region LR_IROM1 (Base: 0x08000000, Size: 0x00007930, Max: 0x00010000, ABSOLUTE)

    Execution Region ER_IROM1 (Base: 0x08000000, Size: 0x000078a8, Max: 0x00010000, ABSOLUTE)

    Base Addr    Size         Type   Attr      Idx    E Section Name        Object

    0x08000000   0x000000ec   Data   RO            3    RESET               startup_stm32f103xb.o
    0x080000ec   0x00000000   Code   RO         4381  * .ARM.Collect$$$$00000000  mc_w.l(entry.o)
    0x080000ec   0x00000004   Code   RO         4714    .ARM.Collect$$$$00000001  mc_w.l(entry2.o)
    0x080000f0   0x00000004   Code   RO         4717    .ARM.Collect$$$$00000004  mc_w.l(entry5.o)
    0x080000f4   0x00000000   Code   RO         4719    .ARM.Collect$$$$00000008  mc_w.l(entry7b.o)
    0x080000f4   0x00000000   Code   RO         4721    .ARM.Collect$$$$0000000A  mc_w.l(entry8b.o)
    0x080000f4   0x00000008   Code   RO         4722    .ARM.Collect$$$$0000000B  mc_w.l(entry9a.o)
    0x080000fc   0x00000000   Code   RO         4724    .ARM.Collect$$$$0000000D  mc_w.l(entry10a.o)
    0x080000fc   0x00000000   Code   RO         4726    .ARM.Collect$$$$0000000F  mc_w.l(entry11a.o)
    0x080000fc   0x00000004   Code   RO         4715    .ARM.Collect$$$$00002712  mc_w.l(entry2.o)
    0x08000100   0x00000024   Code   RO            4    .text               startup_stm32f103xb.o
    0x08000124   0x00000062   Code   RO         4384    .text               mc_w.l(ldiv.o)
    0x08000186   0x00000020   Code   RO         4386    .text               mc_w.l(llushr.o)
    0x080001a6   0x00000024   Code   RO         4388    .text               mc_w.l(memseta.o)
    0x080001ca   0x0000001a   Code   RO         4390    .text               mc_w.l(memcmp.o)
    0x080001e4   0x000000b0   Code   RO         4653    .text               mf_w.l(fadd.o)
    0x08000294   0x00000064   Code   RO         4655    .text               mf_w.l(fmul.o)
    0x080002f8   0x0000007c   Code   RO         4657    .text               mf_w.l(fdiv.o)
    0x08000374   0x000000e4   Code   RO         4659    .text               mf_w.l(dmul.o)
    0x08000458   0x00000012   Code   RO         4661    .text               mf_w.l(fflti.o)
    0x0800046a   0x0000000a   Code   RO         4663    .text               mf_w.l(ffltui.o)
    0x08000474   0x00000032   Code   RO         4665    .text               mf_w.l(ffixi.o)
    0x080004a6   0x00000028   Code   RO         4667    .text               mf_w.l(ffixui.o)
    0x080004ce   0x00000026   Code   RO         4669    .text               mf_w.l(f2d.o)
    0x080004f4   0x00000038   Code   RO         4671    .text               mf_w.l(d2f.o)
    0x0800052c   0x00000014   Code   RO         4673    .text               mf_w.l(cfcmple.o)
    0x08000540   0x00000014   Code   RO         4675    .text               mf_w.l(cfrcmple.o)
    0x08000554   0x0000002c   Code   RO         4729    .text               mc_w.l(uidiv.o)
    0x08000580   0x00000062   Code   RO         4731    .text               mc_w.l(uldiv.o)
    0x080005e2   0x00000000   Code   RO         4740    .text               mc_w.l(iusefp.o)
    0x080005e2   0x0000006e   Code   RO         4741    .text               mf_w.l(fepilogue.o)
    0x08000650   0x000000ba   Code   RO         4743    .text               mf_w.l(depilogue.o)
    0x0800070a   0x0000014e   Code   RO         4745    .text               mf_w.l(dadd.o)
    0x08000858   0x000000de   Code   RO         4747    .text               mf_w.l(ddiv.o)
    0x08000936   0x0000002e   Code   RO         4749    .text               mf_w.l(dscalb.o)
    0x08000964   0x00000024   Code   RO         4755    .text               mc_w.l(init.o)
    0x08000988   0x0000001e   Code   RO         4757    .text               mc_w.l(llshl.o)
    0x080009a6   0x00000024   Code   RO         4759    .text               mc_w.l(llsshr.o)
    0x080009ca   0x000000a2   Code   RO         4761    .text               mf_w.l(dsqrt.o)
    0x08000a6c   0x00000004   Code   RO         1342    i.BusFault_Handler  stm32f1xx_it.o
    0x08000a70   0x00000002   Code   RO         1343    i.DebugMon_Handler  stm32f1xx_it.o
    0x08000a72   0x00000006   Code   RO         1081    i.Error_Handler     main.o
    0x08000a78   0x00000320   Code   RO         2286    i.HAL_GPIO_Init     stm32f1xx_hal_gpio.o
    0x08000d98   0x00000014   Code   RO         2289    i.HAL_GPIO_TogglePin  stm32f1xx_hal_gpio.o
    0x08000dac   0x0000000c   Code   RO         2290    i.HAL_GPIO_WritePin  stm32f1xx_hal_gpio.o
    0x08000db8   0x0000000c   Code   RO         1975    i.HAL_GetTick       stm32f1xx_hal.o
    0x08000dc4   0x000001d0   Code   RO         1498    i.HAL_I2C_Init      stm32f1xx_hal_i2c.o
    0x08000f94   0x00000364   Code   RO         1516    i.HAL_I2C_Mem_Read  stm32f1xx_hal_i2c.o
    0x080012f8   0x00000164   Code   RO         1519    i.HAL_I2C_Mem_Write  stm32f1xx_hal_i2c.o
    0x0800145c   0x0000008c   Code   RO         1169    i.HAL_I2C_MspInit   i2c.o
    0x080014e8   0x00000018   Code   RO         1981    i.HAL_IncTick       stm32f1xx_hal.o
    0x08001500   0x00000028   Code   RO         1982    i.HAL_Init          stm32f1xx_hal.o
    0x08001528   0x0000004c   Code   RO         1983    i.HAL_InitTick      stm32f1xx_hal.o
    0x08001574   0x00000054   Code   RO         1427    i.HAL_MspInit       stm32f1xx_hal_msp.o
    0x080015c8   0x00000020   Code   RO         2446    i.HAL_NVIC_EnableIRQ  stm32f1xx_hal_cortex.o
    0x080015e8   0x0000007c   Code   RO         2452    i.HAL_NVIC_SetPriority  stm32f1xx_hal_cortex.o
    0x08001664   0x00000028   Code   RO         2453    i.HAL_NVIC_SetPriorityGrouping  stm32f1xx_hal_cortex.o
    0x0800168c   0x0000018c   Code   RO         2139    i.HAL_RCC_ClockConfig  stm32f1xx_hal_rcc.o
    0x08001818   0x0000000c   Code   RO         2144    i.HAL_RCC_GetHCLKFreq  stm32f1xx_hal_rcc.o
    0x08001824   0x00000020   Code   RO         2146    i.HAL_RCC_GetPCLK1Freq  stm32f1xx_hal_rcc.o
    0x08001844   0x00000020   Code   RO         2147    i.HAL_RCC_GetPCLK2Freq  stm32f1xx_hal_rcc.o
    0x08001864   0x00000070   Code   RO         2148    i.HAL_RCC_GetSysClockFreq  stm32f1xx_hal_rcc.o
    0x080018d4   0x00000464   Code   RO         2151    i.HAL_RCC_OscConfig  stm32f1xx_hal_rcc.o
    0x08001d38   0x00000034   Code   RO         2457    i.HAL_SYSTICK_Config  stm32f1xx_hal_cortex.o
    0x08001d6c   0x00000002   Code   RO         3689    i.HAL_TIMEx_BreakCallback  stm32f1xx_hal_tim_ex.o
    0x08001d6e   0x00000002   Code   RO         3690    i.HAL_TIMEx_CommutCallback  stm32f1xx_hal_tim_ex.o
    0x08001d70   0x00000084   Code   RO         3708    i.HAL_TIMEx_MasterConfigSynchronization  stm32f1xx_hal_tim_ex.o
    0x08001df4   0x00000066   Code   RO         2974    i.HAL_TIM_Base_Init  stm32f1xx_hal_tim.o
    0x08001e5a   0x00000002   PAD
    0x08001e5c   0x00000044   Code   RO         1211    i.HAL_TIM_Base_MspInit  tim.o
    0x08001ea0   0x00000078   Code   RO         2979    i.HAL_TIM_Base_Start_IT  stm32f1xx_hal_tim.o
    0x08001f18   0x0000010c   Code   RO         2983    i.HAL_TIM_ConfigClockSource  stm32f1xx_hal_tim.o
    0x08002024   0x000000c4   Code   RO         2995    i.HAL_TIM_Encoder_Init  stm32f1xx_hal_tim.o
    0x080020e8   0x000000cc   Code   RO         1213    i.HAL_TIM_Encoder_MspInit  tim.o
    0x080021b4   0x000000cc   Code   RO         2998    i.HAL_TIM_Encoder_Start  stm32f1xx_hal_tim.o
    0x08002280   0x00000002   Code   RO         3008    i.HAL_TIM_IC_CaptureCallback  stm32f1xx_hal_tim.o
    0x08002282   0x00000196   Code   RO         3022    i.HAL_TIM_IRQHandler  stm32f1xx_hal_tim.o
    0x08002418   0x00000054   Code   RO         1214    i.HAL_TIM_MspPostInit  tim.o
    0x0800246c   0x00000002   Code   RO         3025    i.HAL_TIM_OC_DelayElapsedCallback  stm32f1xx_hal_tim.o
    0x0800246e   0x00000104   Code   RO         3046    i.HAL_TIM_PWM_ConfigChannel  stm32f1xx_hal_tim.o
    0x08002572   0x00000066   Code   RO         3049    i.HAL_TIM_PWM_Init  stm32f1xx_hal_tim.o
    0x080025d8   0x0000002c   Code   RO         1216    i.HAL_TIM_PWM_MspInit  tim.o
    0x08002604   0x00000002   Code   RO         3052    i.HAL_TIM_PWM_PulseFinishedCallback  stm32f1xx_hal_tim.o
    0x08002606   0x00000002   PAD
    0x08002608   0x000000d4   Code   RO         3054    i.HAL_TIM_PWM_Start  stm32f1xx_hal_tim.o
    0x080026dc   0x00000180   Code   RO         1082    i.HAL_TIM_PeriodElapsedCallback  main.o
    0x0800285c   0x00000002   Code   RO         3065    i.HAL_TIM_TriggerCallback  stm32f1xx_hal_tim.o
    0x0800285e   0x00000076   Code   RO         3986    i.HAL_UART_Init     stm32f1xx_hal_uart.o
    0x080028d4   0x00000088   Code   RO         1301    i.HAL_UART_MspInit  usart.o
    0x0800295c   0x00000004   Code   RO         1344    i.HardFault_Handler  stm32f1xx_it.o
    0x08002960   0x0000003e   Code   RO         1542    i.I2C_IsAcknowledgeFailed  stm32f1xx_hal_i2c.o
    0x0800299e   0x00000002   PAD
    0x080029a0   0x00000160   Code   RO         1553    i.I2C_RequestMemoryRead  stm32f1xx_hal_i2c.o
    0x08002b00   0x000000e0   Code   RO         1554    i.I2C_RequestMemoryWrite  stm32f1xx_hal_i2c.o
    0x08002be0   0x00000066   Code   RO         1562    i.I2C_WaitOnBTFFlagUntilTimeout  stm32f1xx_hal_i2c.o
    0x08002c46   0x000000be   Code   RO         1563    i.I2C_WaitOnFlagUntilTimeout  stm32f1xx_hal_i2c.o
    0x08002d04   0x000000fa   Code   RO         1564    i.I2C_WaitOnMasterAddressFlagUntilTimeout  stm32f1xx_hal_i2c.o
    0x08002dfe   0x0000008a   Code   RO         1565    i.I2C_WaitOnRXNEFlagUntilTimeout  stm32f1xx_hal_i2c.o
    0x08002e88   0x00000066   Code   RO         1568    i.I2C_WaitOnTXEFlagUntilTimeout  stm32f1xx_hal_i2c.o
    0x08002eee   0x00000002   PAD
    0x08002ef0   0x000000d4   Code   RO         1144    i.MX_GPIO_Init      gpio.o
    0x08002fc4   0x0000003c   Code   RO         1170    i.MX_I2C1_Init      i2c.o
    0x08003000   0x00000074   Code   RO         1217    i.MX_TIM1_Init      tim.o
    0x08003074   0x00000088   Code   RO         1218    i.MX_TIM2_Init      tim.o
    0x080030fc   0x0000007c   Code   RO         1219    i.MX_TIM3_Init      tim.o
    0x08003178   0x0000007c   Code   RO         1220    i.MX_TIM4_Init      tim.o
    0x080031f4   0x00000038   Code   RO         1302    i.MX_USART1_UART_Init  usart.o
    0x0800322c   0x00000004   Code   RO         1345    i.MemManage_Handler  stm32f1xx_it.o
    0x08003230   0x000000cc   Code   RO          953    i.Motor_Output      motor.o
    0x080032fc   0x00000004   Code   RO         1346    i.NMI_Handler       stm32f1xx_it.o
    0x08003300   0x0000001c   Code   RO          978    i.PID_Init          pid.o
    0x0800331c   0x00000004   Code   RO          980    i.PID_Set_Kd        pid.o
    0x08003320   0x00000004   Code   RO          981    i.PID_Set_Ki        pid.o
    0x08003324   0x00000004   Code   RO          982    i.PID_Set_Kp        pid.o
    0x08003328   0x00000002   Code   RO         1347    i.PendSV_Handler    stm32f1xx_it.o
    0x0800332a   0x00000002   PAD
    0x0800332c   0x00000028   Code   RO         2152    i.RCC_Delay         stm32f1xx_hal_rcc.o
    0x08003354   0x00000002   Code   RO         1348    i.SVC_Handler       stm32f1xx_it.o
    0x08003356   0x00000002   PAD
    0x08003358   0x00000068   Code   RO         1349    i.SysTick_Handler   stm32f1xx_it.o
    0x080033c0   0x00000066   Code   RO         1083    i.SystemClock_Config  main.o
    0x08003426   0x00000002   Code   RO         4330    i.SystemInit        system_stm32f1xx.o
    0x08003428   0x00000010   Code   RO         1350    i.TIM1_UP_IRQHandler  stm32f1xx_it.o
    0x08003438   0x00000074   Code   RO         3067    i.TIM_Base_SetConfig  stm32f1xx_hal_tim.o
    0x080034ac   0x00000022   Code   RO         3068    i.TIM_CCxChannelCmd  stm32f1xx_hal_tim.o
    0x080034ce   0x00000016   Code   RO         3078    i.TIM_ETR_SetConfig  stm32f1xx_hal_tim.o
    0x080034e4   0x00000012   Code   RO         3079    i.TIM_ITRx_SetConfig  stm32f1xx_hal_tim.o
    0x080034f6   0x00000002   PAD
    0x080034f8   0x00000060   Code   RO         3080    i.TIM_OC1_SetConfig  stm32f1xx_hal_tim.o
    0x08003558   0x00000068   Code   RO         3081    i.TIM_OC2_SetConfig  stm32f1xx_hal_tim.o
    0x080035c0   0x00000068   Code   RO         3082    i.TIM_OC3_SetConfig  stm32f1xx_hal_tim.o
    0x08003628   0x00000048   Code   RO         3083    i.TIM_OC4_SetConfig  stm32f1xx_hal_tim.o
    0x08003670   0x00000026   Code   RO         3085    i.TIM_TI1_ConfigInputStage  stm32f1xx_hal_tim.o
    0x08003696   0x00000028   Code   RO         3087    i.TIM_TI2_ConfigInputStage  stm32f1xx_hal_tim.o
    0x080036be   0x00000002   PAD
    0x080036c0   0x000000fc   Code   RO         4013    i.UART_SetConfig    stm32f1xx_hal_uart.o
    0x080037bc   0x00000034   Code   RO         1038    i.UpStand           upstand.o
    0x080037f0   0x00000038   Code   RO         1039    i.UpStand_Init      upstand.o
    0x08003828   0x0000007a   Code   RO          985    i.Update_PID_DerivKnown  pid.o
    0x080038a2   0x00000004   Code   RO         1351    i.UsageFault_Handler  stm32f1xx_it.o
    0x080038a6   0x00000002   PAD
    0x080038a8   0x00000020   Code   RO         4437    i.__0printf$1       mc_w.l(printf1.o)
    0x080038c8   0x00000028   Code   RO         4701    i.__ARM_fpclassify  m_ws.l(fpclassify.o)
    0x080038f0   0x00000010   Code   RO         2459    i.__NVIC_GetPriorityGrouping  stm32f1xx_hal_cortex.o
    0x08003900   0x00000028   Code   RO         2460    i.__NVIC_SetPriority  stm32f1xx_hal_cortex.o
    0x08003928   0x000000aa   Code   RO         4703    i.__kernel_poly     m_ws.l(poly.o)
    0x080039d2   0x00000006   Code   RO         4688    i.__mathlib_dbl_infnan  m_ws.l(dunder.o)
    0x080039d8   0x00000004   Code   RO         4689    i.__mathlib_dbl_infnan2  m_ws.l(dunder.o)
    0x080039dc   0x0000000c   Code   RO         4690    i.__mathlib_dbl_invalid  m_ws.l(dunder.o)
    0x080039e8   0x00000010   Code   RO         4693    i.__mathlib_dbl_underflow  m_ws.l(dunder.o)
    0x080039f8   0x0000000e   Code   RO         4767    i.__scatterload_copy  mc_w.l(handlers.o)
    0x08003a06   0x00000002   Code   RO         4768    i.__scatterload_null  mc_w.l(handlers.o)
    0x08003a08   0x0000000e   Code   RO         4769    i.__scatterload_zeroinit  mc_w.l(handlers.o)
    0x08003a16   0x00000002   PAD
    0x08003a18   0x0000000c   Code   RO         4735    i.__set_errno       mc_w.l(errno.o)
    0x08003a24   0x00000154   Code   RO         4444    i._printf_core      mc_w.l(printf1.o)
    0x08003b78   0x000000a8   Code   RO           13    i.accel_self_test   inv_mpu.o
    0x08003c20   0x00000270   Code   RO         4364    i.asin              m_ws.l(asin.o)
    0x08003e90   0x00000220   Code   RO         4678    i.atan              m_ws.l(atan.o)
    0x080040b0   0x00000180   Code   RO         4374    i.atan2             m_ws.l(atan2.o)
    0x08004230   0x00000218   Code   RO           14    i.atk_ms6050_dmp_get_data  inv_mpu.o
    0x08004448   0x0000009c   Code   RO           15    i.atk_ms6050_dmp_init  inv_mpu.o
    0x080044e4   0x00000014   Code   RO           16    i.atk_ms6050_get_clock_ms  inv_mpu.o
    0x080044f8   0x00000050   Code   RO          654    i.atk_ms6050_get_gyroscope  atk_ms6050.o
    0x08004548   0x00000074   Code   RO          657    i.atk_ms6050_init   atk_ms6050.o
    0x080045bc   0x00000030   Code   RO          658    i.atk_ms6050_read   atk_ms6050.o
    0x080045ec   0x00000016   Code   RO          659    i.atk_ms6050_read_byte  atk_ms6050.o
    0x08004602   0x00000094   Code   RO           17    i.atk_ms6050_run_self_test  inv_mpu.o
    0x08004696   0x00000012   Code   RO          660    i.atk_ms6050_set_accel_fsr  atk_ms6050.o
    0x080046a8   0x00000012   Code   RO          661    i.atk_ms6050_set_gyro_fsr  atk_ms6050.o
    0x080046ba   0x0000003a   Code   RO          662    i.atk_ms6050_set_lpf  atk_ms6050.o
    0x080046f4   0x00000044   Code   RO          663    i.atk_ms6050_set_rate  atk_ms6050.o
    0x08004738   0x0000001e   Code   RO          664    i.atk_ms6050_sw_reset  atk_ms6050.o
    0x08004756   0x00000002   PAD
    0x08004758   0x00000030   Code   RO          665    i.atk_ms6050_write  atk_ms6050.o
    0x08004788   0x00000014   Code   RO          666    i.atk_ms6050_write_byte  atk_ms6050.o
    0x0800479c   0x00000064   Code   RO          452    i.decode_gesture    inv_mpu_dmp_motion_driver.o
    0x08004800   0x00000018   Code   RO          847    i.delay_ms          delay.o
    0x08004818   0x0000001a   Code   RO          848    i.delay_us          delay.o
    0x08004832   0x0000003c   Code   RO          453    i.dmp_enable_6x_lp_quat  inv_mpu_dmp_motion_driver.o
    0x0800486e   0x00000002   PAD
    0x08004870   0x0000021c   Code   RO          454    i.dmp_enable_feature  inv_mpu_dmp_motion_driver.o
    0x08004a8c   0x00000058   Code   RO          455    i.dmp_enable_gyro_cal  inv_mpu_dmp_motion_driver.o
    0x08004ae4   0x0000003c   Code   RO          456    i.dmp_enable_lp_quat  inv_mpu_dmp_motion_driver.o
    0x08004b20   0x00000018   Code   RO          461    i.dmp_load_motion_driver_firmware  inv_mpu_dmp_motion_driver.o
    0x08004b38   0x000001cc   Code   RO          462    i.dmp_read_fifo     inv_mpu_dmp_motion_driver.o
    0x08004d04   0x00000134   Code   RO          465    i.dmp_set_accel_bias  inv_mpu_dmp_motion_driver.o
    0x08004e38   0x00000070   Code   RO          466    i.dmp_set_fifo_rate  inv_mpu_dmp_motion_driver.o
    0x08004ea8   0x00000130   Code   RO          467    i.dmp_set_gyro_bias  inv_mpu_dmp_motion_driver.o
    0x08004fd8   0x00000138   Code   RO          469    i.dmp_set_orientation  inv_mpu_dmp_motion_driver.o
    0x08005110   0x00000038   Code   RO          472    i.dmp_set_shake_reject_thresh  inv_mpu_dmp_motion_driver.o
    0x08005148   0x00000026   Code   RO          473    i.dmp_set_shake_reject_time  inv_mpu_dmp_motion_driver.o
    0x0800516e   0x00000026   Code   RO          474    i.dmp_set_shake_reject_timeout  inv_mpu_dmp_motion_driver.o
    0x08005194   0x00000046   Code   RO          475    i.dmp_set_tap_axes  inv_mpu_dmp_motion_driver.o
    0x080051da   0x00000026   Code   RO          476    i.dmp_set_tap_count  inv_mpu_dmp_motion_driver.o
    0x08005200   0x000001a0   Code   RO          477    i.dmp_set_tap_thresh  inv_mpu_dmp_motion_driver.o
    0x080053a0   0x00000026   Code   RO          478    i.dmp_set_tap_time  inv_mpu_dmp_motion_driver.o
    0x080053c6   0x00000026   Code   RO          479    i.dmp_set_tap_time_multi  inv_mpu_dmp_motion_driver.o
    0x080053ec   0x0000001c   Code   RO         1084    i.fputc             main.o
    0x08005408   0x000000b4   Code   RO           18    i.get_accel_prod_shift  inv_mpu.o
    0x080054bc   0x00000470   Code   RO           19    i.get_st_biases     inv_mpu.o
    0x0800592c   0x00000110   Code   RO           20    i.gyro_self_test    inv_mpu.o
    0x08005a3c   0x0000004e   Code   RO           21    i.inv_row_2_scale   inv_mpu.o
    0x08005a8a   0x00000002   PAD
    0x08005a8c   0x00000074   Code   RO         1085    i.main              main.o
    0x08005b00   0x00000070   Code   RO           22    i.mpu_configure_fifo  inv_mpu.o
    0x08005b70   0x0000004c   Code   RO           23    i.mpu_get_accel_fsr  inv_mpu.o
    0x08005bbc   0x00000054   Code   RO           25    i.mpu_get_accel_sens  inv_mpu.o
    0x08005c10   0x00000010   Code   RO           30    i.mpu_get_fifo_config  inv_mpu.o
    0x08005c20   0x00000044   Code   RO           31    i.mpu_get_gyro_fsr  inv_mpu.o
    0x08005c64   0x00000050   Code   RO           33    i.mpu_get_gyro_sens  inv_mpu.o
    0x08005cb4   0x00000050   Code   RO           35    i.mpu_get_lpf       inv_mpu.o
    0x08005d04   0x00000020   Code   RO           37    i.mpu_get_sample_rate  inv_mpu.o
    0x08005d24   0x000001a8   Code   RO           39    i.mpu_init          inv_mpu.o
    0x08005ecc   0x000000b8   Code   RO           40    i.mpu_load_firmware  inv_mpu.o
    0x08005f84   0x000000e0   Code   RO           41    i.mpu_lp_accel_mode  inv_mpu.o
    0x08006064   0x000000c0   Code   RO           44    i.mpu_read_fifo_stream  inv_mpu.o
    0x08006124   0x00000080   Code   RO           45    i.mpu_read_mem      inv_mpu.o
    0x080061a4   0x000001c8   Code   RO           48    i.mpu_reset_fifo    inv_mpu.o
    0x0800636c   0x0000011c   Code   RO           49    i.mpu_run_self_test  inv_mpu.o
    0x08006488   0x00000084   Code   RO           51    i.mpu_set_accel_fsr  inv_mpu.o
    0x0800650c   0x0000014c   Code   RO           52    i.mpu_set_bypass    inv_mpu.o
    0x08006658   0x00000090   Code   RO           54    i.mpu_set_dmp_state  inv_mpu.o
    0x080066e8   0x00000088   Code   RO           55    i.mpu_set_gyro_fsr  inv_mpu.o
    0x08006770   0x0000006c   Code   RO           56    i.mpu_set_int_latched  inv_mpu.o
    0x080067dc   0x00000084   Code   RO           58    i.mpu_set_lpf       inv_mpu.o
    0x08006860   0x0000009c   Code   RO           59    i.mpu_set_sample_rate  inv_mpu.o
    0x080068fc   0x000000d0   Code   RO           60    i.mpu_set_sensors   inv_mpu.o
    0x080069cc   0x00000080   Code   RO           61    i.mpu_write_mem     inv_mpu.o
    0x08006a4c   0x00000090   Code   RO           62    i.set_int_enable    inv_mpu.o
    0x08006adc   0x0000004c   Code   RO         4707    i.sqrt              m_ws.l(sqrt.o)
    0x08006b28   0x00000050   Data   RO           63    .constdata          inv_mpu.o
    0x08006b78   0x00000bf6   Data   RO          481    .constdata          inv_mpu_dmp_motion_driver.o
    0x0800776e   0x00000012   Data   RO         2153    .constdata          stm32f1xx_hal_rcc.o
    0x08007780   0x00000018   Data   RO         4331    .constdata          system_stm32f1xx.o
    0x08007798   0x00000050   Data   RO         4365    .constdata          m_ws.l(asin.o)
    0x080077e8   0x00000098   Data   RO         4679    .constdata          m_ws.l(atan.o)
    0x08007880   0x00000008   Data   RO         4705    .constdata          m_ws.l(qnan.o)
    0x08007888   0x00000020   Data   RO         4765    Region$$Table       anon$$obj.o


    Execution Region RW_IRAM1 (Base: 0x20000000, Size: 0x00000698, Max: 0x00005000, ABSOLUTE)

    Base Addr    Size         Type   Attr      Idx    E Section Name        Object

    0x20000000   0x00000035   Data   RW           64    .data               inv_mpu.o
    0x20000035   0x00000003   PAD
    0x20000038   0x00000022   Data   RW         1041    .data               upstand.o
    0x2000005a   0x00000002   PAD
    0x2000005c   0x0000000d   Data   RW         1086    .data               main.o
    0x20000069   0x00000003   PAD
    0x2000006c   0x00000004   Data   RW         1352    .data               stm32f1xx_it.o
    0x20000070   0x00000009   Data   RW         1989    .data               stm32f1xx_hal.o
    0x20000079   0x00000003   PAD
    0x2000007c   0x00000004   Data   RW         4332    .data               system_stm32f1xx.o
    0x20000080   0x00000004   Data   RW         4728    .data               mc_w.l(stdout.o)
    0x20000084   0x00000004   Data   RW         4736    .data               mc_w.l(errno.o)
    0x20000088   0x00000010   Zero   RW          480    .bss                inv_mpu_dmp_motion_driver.o
    0x20000098   0x00000040   Zero   RW         1040    .bss                upstand.o
    0x200000d8   0x00000054   Zero   RW         1171    .bss                i2c.o
    0x2000012c   0x00000120   Zero   RW         1221    .bss                tim.o
    0x2000024c   0x00000048   Zero   RW         1303    .bss                usart.o
    0x20000294   0x00000004   PAD
    0x20000298   0x00000400   Zero   RW            1    STACK               startup_stm32f103xb.o


==============================================================================

Image component sizes


      Code (inc. data)   RO Data    RW Data    ZI Data      Debug   Object Name

       526         12          0          0          0       7175   atk_ms6050.o
        50          0          0          0          0        998   delay.o
       212         12          0          0          0        959   gpio.o
       200         28          0          0         84       1649   i2c.o
      6754        218         80         53          0     464932   inv_mpu.o
      3100        124       3062          0         16      20522   inv_mpu_dmp_motion_driver.o
       636        106          0         13          0       4767   main.o
       204         16          0          0          0        555   motor.o
       162          6          0          0          0       3182   pid.o
        36          8        236          0       1024        800   startup_stm32f103xb.o
       152         34          0          9          0       5253   stm32f1xx_hal.o
       304         22          0          0          0      29339   stm32f1xx_hal_cortex.o
       832         34          0          0          0       3265   stm32f1xx_hal_gpio.o
      3108         52          0          0          0      11170   stm32f1xx_hal_i2c.o
        84          8          0          0          0        886   stm32f1xx_hal_msp.o
      1748         98         18          0          0       5912   stm32f1xx_hal_rcc.o
      2522         60          0          0          0      16789   stm32f1xx_hal_tim.o
       136         14          0          0          0       2393   stm32f1xx_hal_tim_ex.o
       370          4          0          0          0       1740   stm32f1xx_hal_uart.o
       146         32          0          4          0       4613   stm32f1xx_it.o
         2          0         24          4          0       1107   system_stm32f1xx.o
       900         80          0          0        288       5395   tim.o
       108         38          0         34         64       1525   upstand.o
       192         24          0          0         72       1638   usart.o

    ----------------------------------------------------------------------
     22508       1030       3452        128       1552     596564   Object Totals
         0          0         32          0          0          0   (incl. Generated)
        24          0          0         11          4          0   (incl. Padding)

    ----------------------------------------------------------------------

      Code (inc. data)   RO Data    RW Data    ZI Data      Debug   Library Member Name

       624         52         80          0          0        168   asin.o
       544         70        152          0          0        124   atan.o
       384         38          0          0          0        144   atan2.o
        38          6          0          0          0        272   dunder.o
        40          0          0          0          0         68   fpclassify.o
       170          0          0          0          0         96   poly.o
         0          0          8          0          0          0   qnan.o
        76          0          0          0          0         84   sqrt.o
         0          0          0          0          0          0   entry.o
         0          0          0          0          0          0   entry10a.o
         0          0          0          0          0          0   entry11a.o
         8          4          0          0          0          0   entry2.o
         4          0          0          0          0          0   entry5.o
         0          0          0          0          0          0   entry7b.o
         0          0          0          0          0          0   entry8b.o
         8          4          0          0          0          0   entry9a.o
        12          6          0          4          0         68   errno.o
        30          0          0          0          0          0   handlers.o
        36          8          0          0          0         68   init.o
         0          0          0          0          0          0   iusefp.o
        98          0          0          0          0         84   ldiv.o
        30          0          0          0          0         68   llshl.o
        36          0          0          0          0         68   llsshr.o
        32          0          0          0          0         68   llushr.o
        26          0          0          0          0         80   memcmp.o
        36          0          0          0          0        108   memseta.o
       372         14          0          0          0        184   printf1.o
         0          0          0          4          0          0   stdout.o
        44          0          0          0          0         80   uidiv.o
        98          0          0          0          0         92   uldiv.o
        20          0          0          0          0         68   cfcmple.o
        20          0          0          0          0         68   cfrcmple.o
        56          0          0          0          0         88   d2f.o
       334          0          0          0          0        148   dadd.o
       222          0          0          0          0        100   ddiv.o
       186          0          0          0          0        176   depilogue.o
       228          0          0          0          0         96   dmul.o
        46          0          0          0          0         80   dscalb.o
       162          0          0          0          0        100   dsqrt.o
        38          0          0          0          0         68   f2d.o
       176          0          0          0          0        140   fadd.o
       124          0          0          0          0         88   fdiv.o
       110          0          0          0          0        168   fepilogue.o
        50          0          0          0          0         68   ffixi.o
        40          0          0          0          0         68   ffixui.o
        18          0          0          0          0         68   fflti.o
        10          0          0          0          0         68   ffltui.o
       100          0          0          0          0         76   fmul.o

    ----------------------------------------------------------------------
      4688        202        240          8          0       3660   Library Totals
         2          0          0          0          0          0   (incl. Padding)

    ----------------------------------------------------------------------

      Code (inc. data)   RO Data    RW Data    ZI Data      Debug   Library Name

      1876        166        240          0          0        956   m_ws.l
       870         36          0          8          0        968   mc_w.l
      1940          0          0          0          0       1736   mf_w.l

    ----------------------------------------------------------------------
      4688        202        240          8          0       3660   Library Totals

    ----------------------------------------------------------------------

==============================================================================


      Code (inc. data)   RO Data    RW Data    ZI Data      Debug   

     27196       1232       3692        136       1552     590236   Grand Totals
     27196       1232       3692        136       1552     590236   ELF Image Totals
     27196       1232       3692        136          0          0   ROM Totals

==============================================================================

    Total RO  Size (Code + RO Data)                30888 (  30.16kB)
    Total RW  Size (RW Data + ZI Data)              1688 (   1.65kB)
    Total ROM Size (Code + RO Data + RW Data)      31024 (  30.30kB)

==============================================================================

